2024-08-07T14:52:29.46088700255-14:52:29 **** Incremental Build of project pynq_z2_bram_wrapper ****
000-buildplatform.sh 46833 pynq_z2_bram_wrapper freertos10_xilinx_ps7_cortexa9_0,zynq_fsbl 
000-XSDB Server Channel: tcfchan#1
000-Reading the platform  : "pynq_z2_bram_wrapper"
000-Building the zynq_fsbl application.
000-make: Entering directory '/home/kike/Desktop/marvin/marvin/pynq_z2_bram_wrapper/zynq_fsbl/zynq_fsbl_bsp'
000-
000-make --no-print-directory seq_libs
000-
000-Running Make include in ps7_cortexa9_0/libsrc/bram_v4_10/src
000-
000-make -C ps7_cortexa9_0/libsrc/bram_v4_10/src -s include  "SHELL=/bin/sh" "COMPILER=arm-none-eabi-gcc" "ASSEMBLER=arm-none-eabi-
000-as" "ARCHIVER=arm-none-eabi-ar" "COMPILER_FLAGS=  -O2 -c" "EXTRA_COMPILER_FLAGS=-mcpu=cortex-a9 -mfpu=vfpv3 -mfloat-abi=hard -n
000-ostartfiles -g -Wall -Wextra -fno-tree-loop-distribute-patterns"
000-
000-Running Make include in ps7_cortexa9_0/libsrc/coresightps_dcc_v1_10/src
000-
000-make -C ps7_cortexa9_0/libsrc/coresightps_dcc_v1_10/src -s include  "SHELL=/bin/sh" "COMPILER=arm-none-eabi-gcc" "ASSEMBLER=arm
000--none-eabi-as" "ARCHIVER=arm-none-eabi-ar" "COMPILER_FLAGS=  -O2 -c" "EXTRA_COMPILER_FLAGS=-mcpu=cortex-a9 -mfpu=vfpv3 -mfloat-
000-abi=hard -nostartfiles -g -Wall -Wextra -fno-tree-loop-distribute-patterns"
000-
000-Running Make include in ps7_cortexa9_0/libsrc/cpu_cortexa9_v2_12/src
000-
000-make -C ps7_cortexa9_0/libsrc/cpu_cortexa9_v2_12/src -s include  "SHELL=/bin/sh" "COMPILER=arm-none-eabi-gcc" "ASSEMBLER=arm-no
000-ne-eabi-as" "ARCHIVER=arm-none-eabi-ar" "COMPILER_FLAGS=  -O2 -c" "EXTRA_COMPILER_FLAGS=-mcpu=cortex-a9 -mfpu=vfpv3 -mfloat-abi
000-=hard -nostartfiles -g -Wall -Wextra -fno-tree-loop-distribute-patterns"
000-
000-Running Make include in ps7_cortexa9_0/libsrc/ddrps_v1_2/src
000-
000-make -C ps7_cortexa9_0/libsrc/ddrps_v1_2/src -s include  "SHELL=/bin/sh" "COMPILER=arm-none-eabi-gcc" "ASSEMBLER=arm-none-eabi-
000-as" "ARCHIVER=arm-none-eabi-ar" "COMPILER_FLAGS=  -O2 -c" "EXTRA_COMPILER_FLAGS=-mcpu=cortex-a9 -mfpu=vfpv3 -mfloat-abi=hard -n
000-ostartfiles -g -Wall -Wextra -fno-tree-loop-distribute-patterns"
000-
000-Running Make include in ps7_cortexa9_0/libsrc/devcfg_v3_8/src
000-
000-make -C ps7_cortexa9_0/libsrc/devcfg_v3_8/src -s include  "SHELL=/bin/sh" "COMPILER=arm-none-eabi-gcc" "ASSEMBLER=arm-none-eabi
000--as" "ARCHIVER=arm-none-eabi-ar" "COMPILER_FLAGS=  -O2 -c" "EXTRA_COMPILER_FLAGS=-mcpu=cortex-a9 -mfpu=vfpv3 -mfloat-abi=hard -
000-nostartfiles -g -Wall -Wextra -fno-tree-loop-distribute-patterns"
000-
000-Running Make include in ps7_cortexa9_0/libsrc/dmaps_v2_10/src
000-
000-make -C ps7_cortexa9_0/libsrc/dmaps_v2_10/src -s include  "SHELL=/bin/sh" "COMPILER=arm-none-eabi-gcc" "ASSEMBLER=arm-none-eabi
000--as" "ARCHIVER=arm-none-eabi-ar" "COMPILER_FLAGS=  -O2 -c" "EXTRA_COMPILER_FLAGS=-mcpu=cortex-a9 -mfpu=vfpv3 -mfloat-abi=hard -
000-nostartfiles -g -Wall -Wextra -fno-tree-loop-distribute-patterns"
000-
000-Running Make include in ps7_cortexa9_0/libsrc/emacps_v3_20/src
000-
000-make -C ps7_cortexa9_0/libsrc/emacps_v3_20/src -s include  "SHELL=/bin/sh" "COMPILER=arm-none-eabi-gcc" "ASSEMBLER=arm-none-eab
000-i-as" "ARCHIVER=arm-none-eabi-ar" "COMPILER_FLAGS=  -O2 -c" "EXTRA_COMPILER_FLAGS=-mcpu=cortex-a9 -mfpu=vfpv3 -mfloat-abi=hard 
000--nostartfiles -g -Wall -Wextra -fno-tree-loop-distribute-patterns"
000-
000-Running Make include in ps7_cortexa9_0/libsrc/gpiops_v3_13/src
000-
000-make -C ps7_cortexa9_0/libsrc/gpiops_v3_13/src -s include  "SHELL=/bin/sh" "COMPILER=arm-none-eabi-gcc" "ASSEMBLER=arm-none-eab
000-i-as" "ARCHIVER=arm-none-eabi-ar" "COMPILER_FLAGS=  -O2 -c" "EXTRA_COMPILER_FLAGS=-mcpu=cortex-a9 -mfpu=vfpv3 -mfloat-abi=hard 
000--nostartfiles -g -Wall -Wextra -fno-tree-loop-distribute-patterns"
000-
000-Running Make include in ps7_cortexa9_0/libsrc/qspips_v3_12/src
000-
000-make -C ps7_cortexa9_0/libsrc/qspips_v3_12/src -s include  "SHELL=/bin/sh" "COMPILER=arm-none-eabi-gcc" "ASSEMBLER=arm-none-eab
000-i-as" "ARCHIVER=arm-none-eabi-ar" "COMPILER_FLAGS=  -O2 -c" "EXTRA_COMPILER_FLAGS=-mcpu=cortex-a9 -mfpu=vfpv3 -mfloat-abi=hard 
000--nostartfiles -g -Wall -Wextra -fno-tree-loop-distribute-patterns"
000-
000-Running Make include in ps7_cortexa9_0/libsrc/scugic_v5_3/src
000-
000-make -C ps7_cortexa9_0/libsrc/scugic_v5_3/src -s include  "SHELL=/bin/sh" "COMPILER=arm-none-eabi-gcc" "ASSEMBLER=arm-none-eabi
000--as" "ARCHIVER=arm-none-eabi-ar" "COMPILER_FLAGS=  -O2 -c" "EXTRA_COMPILER_FLAGS=-mcpu=cortex-a9 -mfpu=vfpv3 -mfloat-abi=hard -
000-nostartfiles -g -Wall -Wextra -fno-tree-loop-distribute-patterns"
000-
000-Running Make include in ps7_cortexa9_0/libsrc/scutimer_v2_6/src
000-
000-make -C ps7_cortexa9_0/libsrc/scutimer_v2_6/src -s include  "SHELL=/bin/sh" "COMPILER=arm-none-eabi-gcc" "ASSEMBLER=arm-none-ea
000-bi-as" "ARCHIVER=arm-none-eabi-ar" "COMPILER_FLAGS=  -O2 -c" "EXTRA_COMPILER_FLAGS=-mcpu=cortex-a9 -mfpu=vfpv3 -mfloat-abi=hard
000- -nostartfiles -g -Wall -Wextra -fno-tree-loop-distribute-patterns"
000-
000-Running Make include in ps7_cortexa9_0/libsrc/scuwdt_v2_5/src
000-
000-make -C ps7_cortexa9_0/libsrc/scuwdt_v2_5/src -s include  "SHELL=/bin/sh" "COMPILER=arm-none-eabi-gcc" "ASSEMBLER=arm-none-eabi
000--as" "ARCHIVER=arm-none-eabi-ar" "COMPILER_FLAGS=  -O2 -c" "EXTRA_COMPILER_FLAGS=-mcpu=cortex-a9 -mfpu=vfpv3 -mfloat-abi=hard -
000-nostartfiles -g -Wall -Wextra -fno-tree-loop-distribute-patterns"
000-
000-Running Make include in ps7_cortexa9_0/libsrc/sdps_v4_3/src
000-
000-make -C ps7_cortexa9_0/libsrc/sdps_v4_3/src -s include  "SHELL=/bin/sh" "COMPILER=arm-none-eabi-gcc" "ASSEMBLER=arm-none-eabi-a
000-s" "ARCHIVER=arm-none-eabi-ar" "COMPILER_FLAGS=  -O2 -c" "EXTRA_COMPILER_FLAGS=-mcpu=cortex-a9 -mfpu=vfpv3 -mfloat-abi=hard -no
000-startfiles -g -Wall -Wextra -fno-tree-loop-distribute-patterns"
000-
000-Running Make include in ps7_cortexa9_0/libsrc/standalone_v9_1/src
000-
000-make -C ps7_cortexa9_0/libsrc/standalone_v9_1/src -s include  "SHELL=/bin/sh" "COMPILER=arm-none-eabi-gcc" "ASSEMBLER=arm-none-
000-eabi-as" "ARCHIVER=arm-none-eabi-ar" "COMPILER_FLAGS=  -O2 -c" "EXTRA_COMPILER_FLAGS=-mcpu=cortex-a9 -mfpu=vfpv3 -mfloat-abi=ha
000-rd -nostartfiles -g -Wall -Wextra -fno-tree-loop-distribute-patterns"
000-
000-Running Make include in ps7_cortexa9_0/libsrc/uartps_v3_14/src
000-
000-make -C ps7_cortexa9_0/libsrc/uartps_v3_14/src -s include  "SHELL=/bin/sh" "COMPILER=arm-none-eabi-gcc" "ASSEMBLER=arm-none-eab
000-i-as" "ARCHIVER=arm-none-eabi-ar" "COMPILER_FLAGS=  -O2 -c" "EXTRA_COMPILER_FLAGS=-mcpu=cortex-a9 -mfpu=vfpv3 -mfloat-abi=hard 
000--nostartfiles -g -Wall -Wextra -fno-tree-loop-distribute-patterns"
000-
000-Running Make include in ps7_cortexa9_0/libsrc/usbps_v2_9/src
000-
000-make -C ps7_cortexa9_0/libsrc/usbps_v2_9/src -s include  "SHELL=/bin/sh" "COMPILER=arm-none-eabi-gcc" "ASSEMBLER=arm-none-eabi-
000-as" "ARCHIVER=arm-none-eabi-ar" "COMPILER_FLAGS=  -O2 -c" "EXTRA_COMPILER_FLAGS=-mcpu=cortex-a9 -mfpu=vfpv3 -mfloat-abi=hard -n
000-ostartfiles -g -Wall -Wextra -fno-tree-loop-distribute-patterns"
000-
000-Running Make include in ps7_cortexa9_0/libsrc/xadcps_v2_7/src
000-
000-make -C ps7_cortexa9_0/libsrc/xadcps_v2_7/src -s include  "SHELL=/bin/sh" "COMPILER=arm-none-eabi-gcc" "ASSEMBLER=arm-none-eabi
000--as" "ARCHIVER=arm-none-eabi-ar" "COMPILER_FLAGS=  -O2 -c" "EXTRA_COMPILER_FLAGS=-mcpu=cortex-a9 -mfpu=vfpv3 -mfloat-abi=hard -
000-nostartfiles -g -Wall -Wextra -fno-tree-loop-distribute-patterns"
000-
000-Running Make include in ps7_cortexa9_0/libsrc/xilffs_v5_2/src
000-
000-make -C ps7_cortexa9_0/libsrc/xilffs_v5_2/src -s include  "SHELL=/bin/sh" "COMPILER=arm-none-eabi-gcc" "ASSEMBLER=arm-none-eabi
000--as" "ARCHIVER=arm-none-eabi-ar" "COMPILER_FLAGS=  -O2 -c" "EXTRA_COMPILER_FLAGS=-mcpu=cortex-a9 -mfpu=vfpv3 -mfloat-abi=hard -
000-nostartfiles -g -Wall -Wextra -fno-tree-loop-distribute-patterns"
000-
000-Running Make include in ps7_cortexa9_0/libsrc/xilrsa_v1_8/src
000-
000-make -C ps7_cortexa9_0/libsrc/xilrsa_v1_8/src -s include  "SHELL=/bin/sh" "COMPILER=arm-none-eabi-gcc" "ASSEMBLER=arm-none-eabi
000--as" "ARCHIVER=arm-none-eabi-ar" "COMPILER_FLAGS=  -O2 -c" "EXTRA_COMPILER_FLAGS=-mcpu=cortex-a9 -mfpu=vfpv3 -mfloat-abi=hard -
000-nostartfiles -g -Wall -Wextra -fno-tree-loop-distribute-patterns"
000-
000-Running Make libs in ps7_cortexa9_0/libsrc/xilrsa_v1_8/src
000-
000-make -C ps7_cortexa9_0/libsrc/xilrsa_v1_8/src -s libs  "SHELL=/bin/sh" "COMPILER=arm-none-eabi-gcc" "ASSEMBLER=arm-none-eabi-as
000-" "ARCHIVER=arm-none-eabi-ar" "COMPILER_FLAGS=  -O2 -c" "EXTRA_COMPILER_FLAGS=-mcpu=cortex-a9 -mfpu=vfpv3 -mfloat-abi=hard -nos
000-tartfiles -g -Wall -Wextra -fno-tree-loop-distribute-patterns"
000-
000-Finished building libraries sequentially.
000-
000-make -j 10 --no-print-directory par_libs
000-
000-Running Make include in ps7_cortexa9_0/libsrc/bram_v4_10/src
000-
000-Running Make include in ps7_cortexa9_0/libsrc/coresightps_dcc_v1_10/src
000-
000-make -C ps7_cortexa9_0/libsrc/bram_v4_10/src -s include  "SHELL=/bin/sh" "COMPILER=arm-none-eabi-gcc" "ASSEMBLER=arm-none-eabi-
000-as" "ARCHIVER=arm-none-eabi-ar" "COMPILER_FLAGS=  -O2 -c" "EXTRA_COMPILER_FLAGS=-mcpu=cortex-a9 -mfpu=vfpv3 -mfloat-abi=hard -n
000-ostartfiles -g -Wall -Wextra -fno-tree-loop-distribute-patterns"
000-
000-make -C ps7_cortexa9_0/libsrc/coresightps_dcc_v1_10/src -s include  "SHELL=/bin/sh" "COMPILER=arm-none-eabi-gcc" "ASSEMBLER=arm
000--none-eabi-as" "ARCHIVER=arm-none-eabi-ar" "COMPILER_FLAGS=  -O2 -c" "EXTRA_COMPILER_FLAGS=-mcpu=cortex-a9 -mfpu=vfpv3 -mfloat-
000-abi=hard -nostartfiles -g -Wall -Wextra -fno-tree-loop-distribute-patterns"
000-
000-Running Make include in ps7_cortexa9_0/libsrc/cpu_cortexa9_v2_12/src
000-
000-make -C ps7_cortexa9_0/libsrc/cpu_cortexa9_v2_12/src -s include  "SHELL=/bin/sh" "COMPILER=arm-none-eabi-gcc" "ASSEMBLER=arm-no
000-ne-eabi-as" "ARCHIVER=arm-none-eabi-ar" "COMPILER_FLAGS=  -O2 -c" "EXTRA_COMPILER_FLAGS=-mcpu=cortex-a9 -mfpu=vfpv3 -mfloat-abi
000-=hard -nostartfiles -g -Wall -Wextra -fno-tree-loop-distribute-patterns"
000-
000-Running Make include in ps7_cortexa9_0/libsrc/ddrps_v1_2/src
000-
000-make -C ps7_cortexa9_0/libsrc/ddrps_v1_2/src -s include  "SHELL=/bin/sh" "COMPILER=arm-none-eabi-gcc" "ASSEMBLER=arm-none-eabi-
000-as" "ARCHIVER=arm-none-eabi-ar" "COMPILER_FLAGS=  -O2 -c" "EXTRA_COMPILER_FLAGS=-mcpu=cortex-a9 -mfpu=vfpv3 -mfloat-abi=hard -n
000-ostartfiles -g -Wall -Wextra -fno-tree-loop-distribute-patterns"
000-
000-Running Make include in ps7_cortexa9_0/libsrc/devcfg_v3_8/src
000-
000-Running Make include in ps7_cortexa9_0/libsrc/dmaps_v2_10/src
000-
000-make -C ps7_cortexa9_0/libsrc/devcfg_v3_8/src -s include  "SHELL=/bin/sh" "COMPILER=arm-none-eabi-gcc" "ASSEMBLER=arm-none-eabi
000--as" "ARCHIVER=arm-none-eabi-ar" "COMPILER_FLAGS=  -O2 -c" "EXTRA_COMPILER_FLAGS=-mcpu=cortex-a9 -mfpu=vfpv3 -mfloat-abi=hard -
000-nostartfiles -g -Wall -Wextra -fno-tree-loop-distribute-patterns"
000-
000-make -C ps7_cortexa9_0/libsrc/dmaps_v2_10/src -s include  "SHELL=/bin/sh" "COMPILER=arm-none-eabi-gcc" "ASSEMBLER=arm-none-eabi
000--as" "ARCHIVER=arm-none-eabi-ar" "COMPILER_FLAGS=  -O2 -c" "EXTRA_COMPILER_FLAGS=-mcpu=cortex-a9 -mfpu=vfpv3 -mfloat-abi=hard -
000-nostartfiles -g -Wall -Wextra -fno-tree-loop-distribute-patterns"
000-
000-Running Make include in ps7_cortexa9_0/libsrc/emacps_v3_20/src
000-
000-Running Make include in ps7_cortexa9_0/libsrc/gpiops_v3_13/src
000-
000-make -C ps7_cortexa9_0/libsrc/emacps_v3_20/src -s include  "SHELL=/bin/sh" "COMPILER=arm-none-eabi-gcc" "ASSEMBLER=arm-none-eab
000-i-as" "ARCHIVER=arm-none-eabi-ar" "COMPILER_FLAGS=  -O2 -c" "EXTRA_COMPILER_FLAGS=-mcpu=cortex-a9 -mfpu=vfpv3 -mfloat-abi=hard 
000--nostartfiles -g -Wall -Wextra -fno-tree-loop-distribute-patterns"
000-
000-make -C ps7_cortexa9_0/libsrc/gpiops_v3_13/src -s include  "SHELL=/bin/sh" "COMPILER=arm-none-eabi-gcc" "ASSEMBLER=arm-none-eab
000-i-as" "ARCHIVER=arm-none-eabi-ar" "COMPILER_FLAGS=  -O2 -c" "EXTRA_COMPILER_FLAGS=-mcpu=cortex-a9 -mfpu=vfpv3 -mfloat-abi=hard 
000--nostartfiles -g -Wall -Wextra -fno-tree-loop-distribute-patterns"
000-
000-Running Make include in ps7_cortexa9_0/libsrc/qspips_v3_12/src
000-
000-make -C ps7_cortexa9_0/libsrc/qspips_v3_12/src -s include  "SHELL=/bin/sh" "COMPILER=arm-none-eabi-gcc" "ASSEMBLER=arm-none-eab
000-i-as" "ARCHIVER=arm-none-eabi-ar" "COMPILER_FLAGS=  -O2 -c" "EXTRA_COMPILER_FLAGS=-mcpu=cortex-a9 -mfpu=vfpv3 -mfloat-abi=hard 
000--nostartfiles -g -Wall -Wextra -fno-tree-loop-distribute-patterns"
000-
000-Running Make include in ps7_cortexa9_0/libsrc/scugic_v5_3/src
000-
000-make -C ps7_cortexa9_0/libsrc/scugic_v5_3/src -s include  "SHELL=/bin/sh" "COMPILER=arm-none-eabi-gcc" "ASSEMBLER=arm-none-eabi
000--as" "ARCHIVER=arm-none-eabi-ar" "COMPILER_FLAGS=  -O2 -c" "EXTRA_COMPILER_FLAGS=-mcpu=cortex-a9 -mfpu=vfpv3 -mfloat-abi=hard -
000-nostartfiles -g -Wall -Wextra -fno-tree-loop-distribute-patterns"
000-
000-Running Make include in ps7_cortexa9_0/libsrc/scutimer_v2_6/src
000-
000-make -C ps7_cortexa9_0/libsrc/scutimer_v2_6/src -s include  "SHELL=/bin/sh" "COMPILER=arm-none-eabi-gcc" "ASSEMBLER=arm-none-ea
000-bi-as" "ARCHIVER=arm-none-eabi-ar" "COMPILER_FLAGS=  -O2 -c" "EXTRA_COMPILER_FLAGS=-mcpu=cortex-a9 -mfpu=vfpv3 -mfloat-abi=hard
000- -nostartfiles -g -Wall -Wextra -fno-tree-loop-distribute-patterns"
000-
000-Running Make include in ps7_cortexa9_0/libsrc/scuwdt_v2_5/src
000-
000-make -C ps7_cortexa9_0/libsrc/scuwdt_v2_5/src -s include  "SHELL=/bin/sh" "COMPILER=arm-none-eabi-gcc" "ASSEMBLER=arm-none-eabi
000--as" "ARCHIVER=arm-none-eabi-ar" "COMPILER_FLAGS=  -O2 -c" "EXTRA_COMPILER_FLAGS=-mcpu=cortex-a9 -mfpu=vfpv3 -mfloat-abi=hard -
000-nostartfiles -g -Wall -Wextra -fno-tree-loop-distribute-patterns"
000-
000-Running Make include in ps7_cortexa9_0/libsrc/sdps_v4_3/src
000-
000-make -C ps7_cortexa9_0/libsrc/sdps_v4_3/src -s include  "SHELL=/bin/sh" "COMPILER=arm-none-eabi-gcc" "ASSEMBLER=arm-none-eabi-a
000-s" "ARCHIVER=arm-none-eabi-ar" "COMPILER_FLAGS=  -O2 -c" "EXTRA_COMPILER_FLAGS=-mcpu=cortex-a9 -mfpu=vfpv3 -mfloat-abi=hard -no
000-startfiles -g -Wall -Wextra -fno-tree-loop-distribute-patterns"
000-
000-Running Make include in ps7_cortexa9_0/libsrc/standalone_v9_1/src
000-
000-Running Make include in ps7_cortexa9_0/libsrc/uartps_v3_14/src
000-
000-make -C ps7_cortexa9_0/libsrc/standalone_v9_1/src -s include  "SHELL=/bin/sh" "COMPILER=arm-none-eabi-gcc" "ASSEMBLER=arm-none-
000-eabi-as" "ARCHIVER=arm-none-eabi-ar" "COMPILER_FLAGS=  -O2 -c" "EXTRA_COMPILER_FLAGS=-mcpu=cortex-a9 -mfpu=vfpv3 -mfloat-abi=ha
000-rd -nostartfiles -g -Wall -Wextra -fno-tree-loop-distribute-patterns"
000-
000-make -C ps7_cortexa9_0/libsrc/uartps_v3_14/src -s include  "SHELL=/bin/sh" "COMPILER=arm-none-eabi-gcc" "ASSEMBLER=arm-none-eab
000-i-as" "ARCHIVER=arm-none-eabi-ar" "COMPILER_FLAGS=  -O2 -c" "EXTRA_COMPILER_FLAGS=-mcpu=cortex-a9 -mfpu=vfpv3 -mfloat-abi=hard 
000--nostartfiles -g -Wall -Wextra -fno-tree-loop-distribute-patterns"
000-
000-Running Make include in ps7_cortexa9_0/libsrc/usbps_v2_9/src
000-
000-make -C ps7_cortexa9_0/libsrc/usbps_v2_9/src -s include  "SHELL=/bin/sh" "COMPILER=arm-none-eabi-gcc" "ASSEMBLER=arm-none-eabi-
000-as" "ARCHIVER=arm-none-eabi-ar" "COMPILER_FLAGS=  -O2 -c" "EXTRA_COMPILER_FLAGS=-mcpu=cortex-a9 -mfpu=vfpv3 -mfloat-abi=hard -n
000-ostartfiles -g -Wall -Wextra -fno-tree-loop-distribute-patterns"
000-
000-Running Make include in ps7_cortexa9_0/libsrc/xadcps_v2_7/src
000-
000-make -C ps7_cortexa9_0/libsrc/xadcps_v2_7/src -s include  "SHELL=/bin/sh" "COMPILER=arm-none-eabi-gcc" "ASSEMBLER=arm-none-eabi
000--as" "ARCHIVER=arm-none-eabi-ar" "COMPILER_FLAGS=  -O2 -c" "EXTRA_COMPILER_FLAGS=-mcpu=cortex-a9 -mfpu=vfpv3 -mfloat-abi=hard -
000-nostartfiles -g -Wall -Wextra -fno-tree-loop-distribute-patterns"
000-
000-Running Make include in ps7_cortexa9_0/libsrc/xilffs_v5_2/src
000-
000-make -C ps7_cortexa9_0/libsrc/xilffs_v5_2/src -s include  "SHELL=/bin/sh" "COMPILER=arm-none-eabi-gcc" "ASSEMBLER=arm-none-eabi
000--as" "ARCHIVER=arm-none-eabi-ar" "COMPILER_FLAGS=  -O2 -c" "EXTRA_COMPILER_FLAGS=-mcpu=cortex-a9 -mfpu=vfpv3 -mfloat-abi=hard -
000-nostartfiles -g -Wall -Wextra -fno-tree-loop-distribute-patterns"
000-
000-Running Make include in ps7_cortexa9_0/libsrc/xilrsa_v1_8/src
000-
000-make -C ps7_cortexa9_0/libsrc/xilrsa_v1_8/src -s include  "SHELL=/bin/sh" "COMPILER=arm-none-eabi-gcc" "ASSEMBLER=arm-none-eabi
000--as" "ARCHIVER=arm-none-eabi-ar" "COMPILER_FLAGS=  -O2 -c" "EXTRA_COMPILER_FLAGS=-mcpu=cortex-a9 -mfpu=vfpv3 -mfloat-abi=hard -
000-nostartfiles -g -Wall -Wextra -fno-tree-loop-distribute-patterns"
000-
000-Running Make libs in ps7_cortexa9_0/libsrc/bram_v4_10/src
000-
000-make -C ps7_cortexa9_0/libsrc/bram_v4_10/src -s libs  "SHELL=/bin/sh" "COMPILER=arm-none-eabi-gcc" "ASSEMBLER=arm-none-eabi-as"
000- "ARCHIVER=arm-none-eabi-ar" "COMPILER_FLAGS=  -O2 -c" "EXTRA_COMPILER_FLAGS=-mcpu=cortex-a9 -mfpu=vfpv3 -mfloat-abi=hard -nost
000-artfiles -g -Wall -Wextra -fno-tree-loop-distribute-patterns"
000-
000-Running Make libs in ps7_cortexa9_0/libsrc/coresightps_dcc_v1_10/src
000-
000-make -C ps7_cortexa9_0/libsrc/coresightps_dcc_v1_10/src -s libs  "SHELL=/bin/sh" "COMPILER=arm-none-eabi-gcc" "ASSEMBLER=arm-no
000-ne-eabi-as" "ARCHIVER=arm-none-eabi-ar" "COMPILER_FLAGS=  -O2 -c" "EXTRA_COMPILER_FLAGS=-mcpu=cortex-a9 -mfpu=vfpv3 -mfloat-abi
000-=hard -nostartfiles -g -Wall -Wextra -fno-tree-loop-distribute-patterns"
000-
000-Running Make libs in ps7_cortexa9_0/libsrc/cpu_cortexa9_v2_12/src
000-
000-Running Make libs in ps7_cortexa9_0/libsrc/ddrps_v1_2/src
000-
000-make -C ps7_cortexa9_0/libsrc/cpu_cortexa9_v2_12/src -s libs  "SHELL=/bin/sh" "COMPILER=arm-none-eabi-gcc" "ASSEMBLER=arm-none-
000-eabi-as" "ARCHIVER=arm-none-eabi-ar" "COMPILER_FLAGS=  -O2 -c" "EXTRA_COMPILER_FLAGS=-mcpu=cortex-a9 -mfpu=vfpv3 -mfloat-abi=ha
000-rd -nostartfiles -g -Wall -Wextra -fno-tree-loop-distribute-patterns"
000-
000-make -C ps7_cortexa9_0/libsrc/ddrps_v1_2/src -s libs  "SHELL=/bin/sh" "COMPILER=arm-none-eabi-gcc" "ASSEMBLER=arm-none-eabi-as"
000- "ARCHIVER=arm-none-eabi-ar" "COMPILER_FLAGS=  -O2 -c" "EXTRA_COMPILER_FLAGS=-mcpu=cortex-a9 -mfpu=vfpv3 -mfloat-abi=hard -nost
000-artfiles -g -Wall -Wextra -fno-tree-loop-distribute-patterns"
000-
000-Running Make libs in ps7_cortexa9_0/libsrc/devcfg_v3_8/src
000-
000-make -C ps7_cortexa9_0/libsrc/devcfg_v3_8/src -s libs  "SHELL=/bin/sh" "COMPILER=arm-none-eabi-gcc" "ASSEMBLER=arm-none-eabi-as
000-" "ARCHIVER=arm-none-eabi-ar" "COMPILER_FLAGS=  -O2 -c" "EXTRA_COMPILER_FLAGS=-mcpu=cortex-a9 -mfpu=vfpv3 -mfloat-abi=hard -nos
000-tartfiles -g -Wall -Wextra -fno-tree-loop-distribute-patterns"
000-
000-Running Make libs in ps7_cortexa9_0/libsrc/dmaps_v2_10/src
000-
000-make -C ps7_cortexa9_0/libsrc/dmaps_v2_10/src -s libs  "SHELL=/bin/sh" "COMPILER=arm-none-eabi-gcc" "ASSEMBLER=arm-none-eabi-as
000-" "ARCHIVER=arm-none-eabi-ar" "COMPILER_FLAGS=  -O2 -c" "EXTRA_COMPILER_FLAGS=-mcpu=cortex-a9 -mfpu=vfpv3 -mfloat-abi=hard -nos
000-tartfiles -g -Wall -Wextra -fno-tree-loop-distribute-patterns"
000-
000-Running Make libs in ps7_cortexa9_0/libsrc/emacps_v3_20/src
000-
000-Running Make libs in ps7_cortexa9_0/libsrc/gpiops_v3_13/src
000-
000-Running Make libs in ps7_cortexa9_0/libsrc/qspips_v3_12/src
000-
000-Running Make libs in ps7_cortexa9_0/libsrc/scugic_v5_3/src
000-
000-make -C ps7_cortexa9_0/libsrc/emacps_v3_20/src -s libs  "SHELL=/bin/sh" "COMPILER=arm-none-eabi-gcc" "ASSEMBLER=arm-none-eabi-a
000-s" "ARCHIVER=arm-none-eabi-ar" "COMPILER_FLAGS=  -O2 -c" "EXTRA_COMPILER_FLAGS=-mcpu=cortex-a9 -mfpu=vfpv3 -mfloat-abi=hard -no
000-startfiles -g -Wall -Wextra -fno-tree-loop-distribute-patterns"
000-
000-make -C ps7_cortexa9_0/libsrc/gpiops_v3_13/src -s libs  "SHELL=/bin/sh" "COMPILER=arm-none-eabi-gcc" "ASSEMBLER=arm-none-eabi-a
000-s" "ARCHIVER=arm-none-eabi-ar" "COMPILER_FLAGS=  -O2 -c" "EXTRA_COMPILER_FLAGS=-mcpu=cortex-a9 -mfpu=vfpv3 -mfloat-abi=hard -no
000-startfiles -g -Wall -Wextra -fno-tree-loop-distribute-patterns"
000-
000-make -C ps7_cortexa9_0/libsrc/qspips_v3_12/src -s libs  "SHELL=/bin/sh" "COMPILER=arm-none-eabi-gcc" "ASSEMBLER=arm-none-eabi-a
000-s" "ARCHIVER=arm-none-eabi-ar" "COMPILER_FLAGS=  -O2 -c" "EXTRA_COMPILER_FLAGS=-mcpu=cortex-a9 -mfpu=vfpv3 -mfloat-abi=hard -no
000-startfiles -g -Wall -Wextra -fno-tree-loop-distribute-patterns"
000-
000-make -C ps7_cortexa9_0/libsrc/scugic_v5_3/src -s libs  "SHELL=/bin/sh" "COMPILER=arm-none-eabi-gcc" "ASSEMBLER=arm-none-eabi-as
000-" "ARCHIVER=arm-none-eabi-ar" "COMPILER_FLAGS=  -O2 -c" "EXTRA_COMPILER_FLAGS=-mcpu=cortex-a9 -mfpu=vfpv3 -mfloat-abi=hard -nos
000-tartfiles -g -Wall -Wextra -fno-tree-loop-distribute-patterns"
000-
000-Running Make libs in ps7_cortexa9_0/libsrc/scuwdt_v2_5/src
000-
000-Running Make libs in ps7_cortexa9_0/libsrc/scutimer_v2_6/src
000-
000-make -C ps7_cortexa9_0/libsrc/scutimer_v2_6/src -s libs  "SHELL=/bin/sh" "COMPILER=arm-none-eabi-gcc" "ASSEMBLER=arm-none-eabi-
000-as" "ARCHIVER=arm-none-eabi-ar" "COMPILER_FLAGS=  -O2 -c" "EXTRA_COMPILER_FLAGS=-mcpu=cortex-a9 -mfpu=vfpv3 -mfloat-abi=hard -n
000-ostartfiles -g -Wall -Wextra -fno-tree-loop-distribute-patterns"
000-
000-Running Make libs in ps7_cortexa9_0/libsrc/sdps_v4_3/src
000-
000-make -C ps7_cortexa9_0/libsrc/scuwdt_v2_5/src -s libs  "SHELL=/bin/sh" "COMPILER=arm-none-eabi-gcc" "ASSEMBLER=arm-none-eabi-as
000-" "ARCHIVER=arm-none-eabi-ar" "COMPILER_FLAGS=  -O2 -c" "EXTRA_COMPILER_FLAGS=-mcpu=cortex-a9 -mfpu=vfpv3 -mfloat-abi=hard -nos
000-tartfiles -g -Wall -Wextra -fno-tree-loop-distribute-patterns"
000-
000-make -C ps7_cortexa9_0/libsrc/sdps_v4_3/src -s libs  "SHELL=/bin/sh" "COMPILER=arm-none-eabi-gcc" "ASSEMBLER=arm-none-eabi-as" 
000-"ARCHIVER=arm-none-eabi-ar" "COMPILER_FLAGS=  -O2 -c" "EXTRA_COMPILER_FLAGS=-mcpu=cortex-a9 -mfpu=vfpv3 -mfloat-abi=hard -nosta
000-rtfiles -g -Wall -Wextra -fno-tree-loop-distribute-patterns"
000-
000-Running Make libs in ps7_cortexa9_0/libsrc/standalone_v9_1/src
000-
000-make -C ps7_cortexa9_0/libsrc/standalone_v9_1/src -s libs  "SHELL=/bin/sh" "COMPILER=arm-none-eabi-gcc" "ASSEMBLER=arm-none-eab
000-i-as" "ARCHIVER=arm-none-eabi-ar" "COMPILER_FLAGS=  -O2 -c" "EXTRA_COMPILER_FLAGS=-mcpu=cortex-a9 -mfpu=vfpv3 -mfloat-abi=hard 
000--nostartfiles -g -Wall -Wextra -fno-tree-loop-distribute-patterns"
000-
000-Running Make libs in ps7_cortexa9_0/libsrc/uartps_v3_14/src
000-
000-Running Make libs in ps7_cortexa9_0/libsrc/usbps_v2_9/src
000-
000-make -C ps7_cortexa9_0/libsrc/uartps_v3_14/src -s libs  "SHELL=/bin/sh" "COMPILER=arm-none-eabi-gcc" "ASSEMBLER=arm-none-eabi-a
000-s" "ARCHIVER=arm-none-eabi-ar" "COMPILER_FLAGS=  -O2 -c" "EXTRA_COMPILER_FLAGS=-mcpu=cortex-a9 -mfpu=vfpv3 -mfloat-abi=hard -no
000-startfiles -g -Wall -Wextra -fno-tree-loop-distribute-patterns"
000-
000-Running Make libs in ps7_cortexa9_0/libsrc/xadcps_v2_7/src
000-
000-make -C ps7_cortexa9_0/libsrc/usbps_v2_9/src -s libs  "SHELL=/bin/sh" "COMPILER=arm-none-eabi-gcc" "ASSEMBLER=arm-none-eabi-as"
000- "ARCHIVER=arm-none-eabi-ar" "COMPILER_FLAGS=  -O2 -c" "EXTRA_COMPILER_FLAGS=-mcpu=cortex-a9 -mfpu=vfpv3 -mfloat-abi=hard -nost
000-artfiles -g -Wall -Wextra -fno-tree-loop-distribute-patterns"
000-
000-Running Make libs in ps7_cortexa9_0/libsrc/xilffs_v5_2/src
000-
000-make -C ps7_cortexa9_0/libsrc/xadcps_v2_7/src -s libs  "SHELL=/bin/sh" "COMPILER=arm-none-eabi-gcc" "ASSEMBLER=arm-none-eabi-as
000-" "ARCHIVER=arm-none-eabi-ar" "COMPILER_FLAGS=  -O2 -c" "EXTRA_COMPILER_FLAGS=-mcpu=cortex-a9 -mfpu=vfpv3 -mfloat-abi=hard -nos
000-tartfiles -g -Wall -Wextra -fno-tree-loop-distribute-patterns"
000-
000-make -C ps7_cortexa9_0/libsrc/xilffs_v5_2/src -s libs  "SHELL=/bin/sh" "COMPILER=arm-none-eabi-gcc" "ASSEMBLER=arm-none-eabi-as
000-" "ARCHIVER=arm-none-eabi-ar" "COMPILER_FLAGS=  -O2 -c" "EXTRA_COMPILER_FLAGS=-mcpu=cortex-a9 -mfpu=vfpv3 -mfloat-abi=hard -nos
000-tartfiles -g -Wall -Wextra -fno-tree-loop-distribute-patterns"
000-
000-Finished building libraries parallelly.
000-
000-make --no-print-directory archive
000-
000-arm-none-eabi-ar -r  ps7_cortexa9_0/lib/libxil.a ps7_cortexa9_0/lib/_exit.o ps7_cortexa9_0/lib/_open.o ps7_cortexa9_0/lib/_sbrk
000-.o ps7_cortexa9_0/lib/abort.o ps7_cortexa9_0/lib/asm_vectors.o ps7_cortexa9_0/lib/boot.o ps7_cortexa9_0/lib/close.o ps7_cortexa
000-9_0/lib/cpputest_time.o ps7_cortexa9_0/lib/cpu_init.o ps7_cortexa9_0/lib/errno.o ps7_cortexa9_0/lib/fcntl.o ps7_cortexa9_0/lib/
000-fstat.o ps7_cortexa9_0/lib/getentropy.o ps7_cortexa9_0/lib/getpid.o ps7_cortexa9_0/lib/inbyte.o ps7_cortexa9_0/lib/isatty.o ps7
000-_cortexa9_0/lib/kill.o ps7_cortexa9_0/lib/lseek.o ps7_cortexa9_0/lib/open.o ps7_cortexa9_0/lib/outbyte.o ps7_cortexa9_0/lib/pri
000-nt.o ps7_cortexa9_0/lib/putnum.o ps7_cortexa9_0/lib/read.o ps7_cortexa9_0/lib/sbrk.o ps7_cortexa9_0/lib/sleep.o ps7_cortexa9_0/
000-lib/time.o ps7_cortexa9_0/lib/translation_table.o ps7_cortexa9_0/lib/unlink.o ps7_cortexa9_0/lib/usleep.o ps7_cortexa9_0/lib/ve
000-ctors.o ps7_cortexa9_0/lib/write.o ps7_cortexa9_0/lib/xadcps.o ps7_cortexa9_0/lib/xadcps_g.o ps7_cortexa9_0/lib/xadcps_intr.o p
000-s7_cortexa9_0/lib/xadcps_selftest.o ps7_cortexa9_0/lib/xadcps_sinit.o ps7_cortexa9_0/lib/xbram.o ps7_cortexa9_0/lib/xbram_g.o p
000-s7_cortexa9_0/lib/xbram_intr.o ps7_cortexa9_0/lib/xbram_selftest.o ps7_cortexa9_0/lib/xbram_sinit.o ps7_cortexa9_0/lib/xcoresig
000-htpsdcc.o ps7_cortexa9_0/lib/xdevcfg.o ps7_cortexa9_0/lib/xdevcfg_g.o ps7_cortexa9_0/lib/xdevcfg_hw.o ps7_cortexa9_0/lib/xdevcf
000-g_intr.o ps7_cortexa9_0/lib/xdevcfg_selftest.o ps7_cortexa9_0/lib/xdevcfg_sinit.o ps7_cortexa9_0/lib/xdmaps.o ps7_cortexa9_0/li
000-b/xdmaps_g.o ps7_cortexa9_0/lib/xdmaps_hw.o ps7_cortexa9_0/lib/xdmaps_selftest.o ps7_cortexa9_0/lib/xdmaps_sinit.o ps7_cortexa9
000-_0/lib/xemacps.o ps7_cortexa9_0/lib/xemacps_bdring.o ps7_cortexa9_0/lib/xemacps_control.o ps7_cortexa9_0/lib/xemacps_g.o ps7_co
000-rtexa9_0/lib/xemacps_hw.o ps7_cortexa9_0/lib/xemacps_intr.o ps7_cortexa9_0/lib/xemacps_sinit.o ps7_cortexa9_0/lib/xgpiops.o ps7
000-_cortexa9_0/lib/xgpiops_g.o ps7_cortexa9_0/lib/xgpiops_hw.o ps7_cortexa9_0/lib/xgpiops_intr.o ps7_cortexa9_0/lib/xgpiops_selfte
000-st.o ps7_cortexa9_0/lib/xgpiops_sinit.o ps7_cortexa9_0/lib/xil-crt0.o ps7_cortexa9_0/lib/xil_assert.o ps7_cortexa9_0/lib/xil_ca
000-che.o ps7_cortexa9_0/lib/xil_clocking.o ps7_cortexa9_0/lib/xil_exception.o ps7_cortexa9_0/lib/xil_mem.o ps7_cortexa9_0/lib/xil_
000-misc_psreset_api.o ps7_cortexa9_0/lib/xil_mmu.o ps7_cortexa9_0/lib/xil_printf.o ps7_cortexa9_0/lib/xil_sleepcommon.o ps7_cortex
000-a9_0/lib/xil_sleeptimer.o ps7_cortexa9_0/lib/xil_spinlock.o ps7_cortexa9_0/lib/xil_testcache.o ps7_cortexa9_0/lib/xil_testio.o 
000-ps7_cortexa9_0/lib/xil_testmem.o ps7_cortexa9_0/lib/xil_util.o ps7_cortexa9_0/lib/xinterrupt_wrap.o ps7_cortexa9_0/lib/xl2cc_co
000-unter.o ps7_cortexa9_0/lib/xplatform_info.o ps7_cortexa9_0/lib/xpm_counter.o ps7_cortexa9_0/lib/xpm_init.o ps7_cortexa9_0/lib/x
000-qspips.o ps7_cortexa9_0/lib/xqspips_g.o ps7_cortexa9_0/lib/xqspips_hw.o ps7_cortexa9_0/lib/xqspips_options.o ps7_cortexa9_0/lib
000-/xqspips_selftest.o ps7_cortexa9_0/lib/xqspips_sinit.o ps7_cortexa9_0/lib/xscugic.o ps7_cortexa9_0/lib/xscugic_g.o ps7_cortexa9
000-_0/lib/xscugic_hw.o ps7_cortexa9_0/lib/xscugic_intr.o ps7_cortexa9_0/lib/xscugic_selftest.o ps7_cortexa9_0/lib/xscugic_sinit.o 
000-ps7_cortexa9_0/lib/xscutimer.o ps7_cortexa9_0/lib/xscutimer_g.o ps7_cortexa9_0/lib/xscutimer_selftest.o ps7_cortexa9_0/lib/xscu
000-timer_sinit.o ps7_cortexa9_0/lib/xscuwdt.o ps7_cortexa9_0/lib/xscuwdt_g.o ps7_cortexa9_0/lib/xscuwdt_selftest.o ps7_cortexa9_0/
000-lib/xscuwdt_sinit.o ps7_cortexa9_0/lib/xsdps.o ps7_cortexa9_0/lib/xsdps_card.o ps7_cortexa9_0/lib/xsdps_g.o ps7_cortexa9_0/lib/
000-xsdps_host.o ps7_cortexa9_0/lib/xsdps_options.o ps7_cortexa9_0/lib/xsdps_sinit.o ps7_cortexa9_0/lib/xtime_l.o ps7_cortexa9_0/li
000-b/xuartps.o ps7_cortexa9_0/lib/xuartps_g.o ps7_cortexa9_0/lib/xuartps_hw.o ps7_cortexa9_0/lib/xuartps_intr.o ps7_cortexa9_0/lib
000-/xuartps_options.o ps7_cortexa9_0/lib/xuartps_selftest.o ps7_cortexa9_0/lib/xuartps_sinit.o ps7_cortexa9_0/lib/xusbps.o ps7_cor
000-texa9_0/lib/xusbps_endpoint.o ps7_cortexa9_0/lib/xusbps_g.o ps7_cortexa9_0/lib/xusbps_hw.o ps7_cortexa9_0/lib/xusbps_intr.o ps7
000-_cortexa9_0/lib/xusbps_sinit.o
000-
000-Finished building libraries
000-
000-make: Leaving directory '/home/kike/Desktop/marvin/marvin/pynq_z2_bram_wrapper/zynq_fsbl/zynq_fsbl_bsp'
000-
000-arm-none-eabi-gcc -o fsbl.elf fsbl_handoff.o fsbl_hooks.o image_mover.o main.o md5.o nand.o nor.o pcap.o ps7_init.o qspi.o rsa.
000-o sd.o -MMD -MP       -mcpu=cortex-a9 -mfpu=vfpv3 -mfloat-abi=hard   -mcpu=cortex-a9 -mfpu=vfpv3 -mfloat-abi=hard -Wl,-build-id
000-=none -specs=Xilinx.spec  -lrsa -Wl,--start-group,-lxil,-lgcc,-lc,--end-group -Wl,--start-group,-lxilffs,-lxil,-lgcc,-lc,--end-
000-group -Wl,--start-group,-lrsa,-lxil,-lgcc,-lc,--end-group                                    -Wl,--gc-sections -Lzynq_fsbl_bsp/
000-ps7_cortexa9_0/lib -L./ -Tlscript.ld
000-
000-Building the BSP Library for domain  - freertos10_xilinx_ps7_cortexa9_0 on processor ps7_cortexa9_0
000-make --no-print-directory seq_libs
000-
000-Finished building libraries sequentially.
000-
000-make -j 10 --no-print-directory par_libs
000-
000-Running Make include in ps7_cortexa9_0/libsrc/bram_v4_10/src
000-
000-Running Make include in ps7_cortexa9_0/libsrc/coresightps_dcc_v1_10/src
000-
000-make -C ps7_cortexa9_0/libsrc/bram_v4_10/src -s include  "SHELL=/bin/sh" "COMPILER=arm-none-eabi-gcc" "ASSEMBLER=arm-none-eabi-
000-as" "ARCHIVER=arm-none-eabi-ar" "COMPILER_FLAGS=  -O2 -c" "EXTRA_COMPILER_FLAGS=-mcpu=cortex-a9 -mfpu=vfpv3 -mfloat-abi=hard -n
000-ostartfiles -g -Wall -Wextra -fno-tree-loop-distribute-patterns"
000-
000-make -C ps7_cortexa9_0/libsrc/coresightps_dcc_v1_10/src -s include  "SHELL=/bin/sh" "COMPILER=arm-none-eabi-gcc" "ASSEMBLER=arm
000--none-eabi-as" "ARCHIVER=arm-none-eabi-ar" "COMPILER_FLAGS=  -O2 -c" "EXTRA_COMPILER_FLAGS=-mcpu=cortex-a9 -mfpu=vfpv3 -mfloat-
000-abi=hard -nostartfiles -g -Wall -Wextra -fno-tree-loop-distribute-patterns"
000-
000-Running Make include in ps7_cortexa9_0/libsrc/ddrps_v1_2/src
000-
000-Running Make include in ps7_cortexa9_0/libsrc/cpu_cortexa9_v2_12/src
000-
000-make -C ps7_cortexa9_0/libsrc/cpu_cortexa9_v2_12/src -s include  "SHELL=/bin/sh" "COMPILER=arm-none-eabi-gcc" "ASSEMBLER=arm-no
000-ne-eabi-as" "ARCHIVER=arm-none-eabi-ar" "COMPILER_FLAGS=  -O2 -c" "EXTRA_COMPILER_FLAGS=-mcpu=cortex-a9 -mfpu=vfpv3 -mfloat-abi
000-=hard -nostartfiles -g -Wall -Wextra -fno-tree-loop-distribute-patterns"
000-
000-make -C ps7_cortexa9_0/libsrc/ddrps_v1_2/src -s include  "SHELL=/bin/sh" "COMPILER=arm-none-eabi-gcc" "ASSEMBLER=arm-none-eabi-
000-as" "ARCHIVER=arm-none-eabi-ar" "COMPILER_FLAGS=  -O2 -c" "EXTRA_COMPILER_FLAGS=-mcpu=cortex-a9 -mfpu=vfpv3 -mfloat-abi=hard -n
000-ostartfiles -g -Wall -Wextra -fno-tree-loop-distribute-patterns"
000-
000-Running Make include in ps7_cortexa9_0/libsrc/devcfg_v3_8/src
000-
000-make -C ps7_cortexa9_0/libsrc/devcfg_v3_8/src -s include  "SHELL=/bin/sh" "COMPILER=arm-none-eabi-gcc" "ASSEMBLER=arm-none-eabi
000--as" "ARCHIVER=arm-none-eabi-ar" "COMPILER_FLAGS=  -O2 -c" "EXTRA_COMPILER_FLAGS=-mcpu=cortex-a9 -mfpu=vfpv3 -mfloat-abi=hard -
000-nostartfiles -g -Wall -Wextra -fno-tree-loop-distribute-patterns"
000-
000-Running Make include in ps7_cortexa9_0/libsrc/dmaps_v2_10/src
000-
000-make -C ps7_cortexa9_0/libsrc/dmaps_v2_10/src -s include  "SHELL=/bin/sh" "COMPILER=arm-none-eabi-gcc" "ASSEMBLER=arm-none-eabi
000--as" "ARCHIVER=arm-none-eabi-ar" "COMPILER_FLAGS=  -O2 -c" "EXTRA_COMPILER_FLAGS=-mcpu=cortex-a9 -mfpu=vfpv3 -mfloat-abi=hard -
000-nostartfiles -g -Wall -Wextra -fno-tree-loop-distribute-patterns"
000-
000-Running Make include in ps7_cortexa9_0/libsrc/emacps_v3_20/src
000-
000-make -C ps7_cortexa9_0/libsrc/emacps_v3_20/src -s include  "SHELL=/bin/sh" "COMPILER=arm-none-eabi-gcc" "ASSEMBLER=arm-none-eab
000-i-as" "ARCHIVER=arm-none-eabi-ar" "COMPILER_FLAGS=  -O2 -c" "EXTRA_COMPILER_FLAGS=-mcpu=cortex-a9 -mfpu=vfpv3 -mfloat-abi=hard 
000--nostartfiles -g -Wall -Wextra -fno-tree-loop-distribute-patterns"
000-
000-Running Make include in ps7_cortexa9_0/libsrc/freertos10_xilinx_v1_15/src
000-
000-make -C ps7_cortexa9_0/libsrc/freertos10_xilinx_v1_15/src -s include  "SHELL=/bin/sh" "COMPILER=arm-none-eabi-gcc" "ASSEMBLER=a
000-rm-none-eabi-as" "ARCHIVER=arm-none-eabi-ar" "COMPILER_FLAGS=  -O2 -c" "EXTRA_COMPILER_FLAGS=-mcpu=cortex-a9 -mfpu=vfpv3 -mfloa
000-t-abi=hard -nostartfiles -g -Wall -Wextra -fno-tree-loop-distribute-patterns"
000-
000-Running Make include in ps7_cortexa9_0/libsrc/gpiops_v3_13/src
000-
000-make -C ps7_cortexa9_0/libsrc/gpiops_v3_13/src -s include  "SHELL=/bin/sh" "COMPILER=arm-none-eabi-gcc" "ASSEMBLER=arm-none-eab
000-i-as" "ARCHIVER=arm-none-eabi-ar" "COMPILER_FLAGS=  -O2 -c" "EXTRA_COMPILER_FLAGS=-mcpu=cortex-a9 -mfpu=vfpv3 -mfloat-abi=hard 
000--nostartfiles -g -Wall -Wextra -fno-tree-loop-distribute-patterns"
000-
000-Running Make include in ps7_cortexa9_0/libsrc/qspips_v3_12/src
000-
000-make -C ps7_cortexa9_0/libsrc/qspips_v3_12/src -s include  "SHELL=/bin/sh" "COMPILER=arm-none-eabi-gcc" "ASSEMBLER=arm-none-eab
000-i-as" "ARCHIVER=arm-none-eabi-ar" "COMPILER_FLAGS=  -O2 -c" "EXTRA_COMPILER_FLAGS=-mcpu=cortex-a9 -mfpu=vfpv3 -mfloat-abi=hard 
000--nostartfiles -g -Wall -Wextra -fno-tree-loop-distribute-patterns"
000-
000-Running Make include in ps7_cortexa9_0/libsrc/scugic_v5_3/src
000-
000-make -C ps7_cortexa9_0/libsrc/scugic_v5_3/src -s include  "SHELL=/bin/sh" "COMPILER=arm-none-eabi-gcc" "ASSEMBLER=arm-none-eabi
000--as" "ARCHIVER=arm-none-eabi-ar" "COMPILER_FLAGS=  -O2 -c" "EXTRA_COMPILER_FLAGS=-mcpu=cortex-a9 -mfpu=vfpv3 -mfloat-abi=hard -
000-nostartfiles -g -Wall -Wextra -fno-tree-loop-distribute-patterns"
000-
000-Running Make include in ps7_cortexa9_0/libsrc/scutimer_v2_6/src
000-
000-make -C ps7_cortexa9_0/libsrc/scutimer_v2_6/src -s include  "SHELL=/bin/sh" "COMPILER=arm-none-eabi-gcc" "ASSEMBLER=arm-none-ea
000-bi-as" "ARCHIVER=arm-none-eabi-ar" "COMPILER_FLAGS=  -O2 -c" "EXTRA_COMPILER_FLAGS=-mcpu=cortex-a9 -mfpu=vfpv3 -mfloat-abi=hard
000- -nostartfiles -g -Wall -Wextra -fno-tree-loop-distribute-patterns"
000-
000-Running Make include in ps7_cortexa9_0/libsrc/scuwdt_v2_5/src
000-
000-includes
000-
000-make -C ps7_cortexa9_0/libsrc/scuwdt_v2_5/src -s include  "SHELL=/bin/sh" "COMPILER=arm-none-eabi-gcc" "ASSEMBLER=arm-none-eabi
000--as" "ARCHIVER=arm-none-eabi-ar" "COMPILER_FLAGS=  -O2 -c" "EXTRA_COMPILER_FLAGS=-mcpu=cortex-a9 -mfpu=vfpv3 -mfloat-abi=hard -
000-nostartfiles -g -Wall -Wextra -fno-tree-loop-distribute-patterns"
000-
000-Running Make include in ps7_cortexa9_0/libsrc/sdps_v4_3/src
000-
000-Running Make include in ps7_cortexa9_0/libsrc/uartps_v3_14/src
000-
000-Running Make include in ps7_cortexa9_0/libsrc/usbps_v2_9/src
000-
000-Running Make include in ps7_cortexa9_0/libsrc/xadcps_v2_7/src
000-
000-make -C ps7_cortexa9_0/libsrc/sdps_v4_3/src -s include  "SHELL=/bin/sh" "COMPILER=arm-none-eabi-gcc" "ASSEMBLER=arm-none-eabi-a
000-s" "ARCHIVER=arm-none-eabi-ar" "COMPILER_FLAGS=  -O2 -c" "EXTRA_COMPILER_FLAGS=-mcpu=cortex-a9 -mfpu=vfpv3 -mfloat-abi=hard -no
000-startfiles -g -Wall -Wextra -fno-tree-loop-distribute-patterns"
000-
000-make -C ps7_cortexa9_0/libsrc/uartps_v3_14/src -s include  "SHELL=/bin/sh" "COMPILER=arm-none-eabi-gcc" "ASSEMBLER=arm-none-eab
000-i-as" "ARCHIVER=arm-none-eabi-ar" "COMPILER_FLAGS=  -O2 -c" "EXTRA_COMPILER_FLAGS=-mcpu=cortex-a9 -mfpu=vfpv3 -mfloat-abi=hard 
000--nostartfiles -g -Wall -Wextra -fno-tree-loop-distribute-patterns"
000-
000-make -C ps7_cortexa9_0/libsrc/usbps_v2_9/src -s include  "SHELL=/bin/sh" "COMPILER=arm-none-eabi-gcc" "ASSEMBLER=arm-none-eabi-
000-as" "ARCHIVER=arm-none-eabi-ar" "COMPILER_FLAGS=  -O2 -c" "EXTRA_COMPILER_FLAGS=-mcpu=cortex-a9 -mfpu=vfpv3 -mfloat-abi=hard -n
000-ostartfiles -g -Wall -Wextra -fno-tree-loop-distribute-patterns"
000-
000-make -C ps7_cortexa9_0/libsrc/xadcps_v2_7/src -s include  "SHELL=/bin/sh" "COMPILER=arm-none-eabi-gcc" "ASSEMBLER=arm-none-eabi
000--as" "ARCHIVER=arm-none-eabi-ar" "COMPILER_FLAGS=  -O2 -c" "EXTRA_COMPILER_FLAGS=-mcpu=cortex-a9 -mfpu=vfpv3 -mfloat-abi=hard -
000-nostartfiles -g -Wall -Wextra -fno-tree-loop-distribute-patterns"
000-
000-Running Make include in ps7_cortexa9_0/libsrc/xiltimer_v2_0/src
000-
000-make -C ps7_cortexa9_0/libsrc/xiltimer_v2_0/src -s include  "SHELL=/bin/sh" "COMPILER=arm-none-eabi-gcc" "ASSEMBLER=arm-none-ea
000-bi-as" "ARCHIVER=arm-none-eabi-ar" "COMPILER_FLAGS=  -O2 -c" "EXTRA_COMPILER_FLAGS=-mcpu=cortex-a9 -mfpu=vfpv3 -mfloat-abi=hard
000- -nostartfiles -g -Wall -Wextra -fno-tree-loop-distribute-patterns"
000-
000-Running Make libs in ps7_cortexa9_0/libsrc/bram_v4_10/src
000-
000-make -C ps7_cortexa9_0/libsrc/bram_v4_10/src -s libs  "SHELL=/bin/sh" "COMPILER=arm-none-eabi-gcc" "ASSEMBLER=arm-none-eabi-as"
000- "ARCHIVER=arm-none-eabi-ar" "COMPILER_FLAGS=  -O2 -c" "EXTRA_COMPILER_FLAGS=-mcpu=cortex-a9 -mfpu=vfpv3 -mfloat-abi=hard -nost
000-artfiles -g -Wall -Wextra -fno-tree-loop-distribute-patterns"
000-
000-Running Make libs in ps7_cortexa9_0/libsrc/coresightps_dcc_v1_10/src
000-
000-make -C ps7_cortexa9_0/libsrc/coresightps_dcc_v1_10/src -s libs  "SHELL=/bin/sh" "COMPILER=arm-none-eabi-gcc" "ASSEMBLER=arm-no
000-ne-eabi-as" "ARCHIVER=arm-none-eabi-ar" "COMPILER_FLAGS=  -O2 -c" "EXTRA_COMPILER_FLAGS=-mcpu=cortex-a9 -mfpu=vfpv3 -mfloat-abi
000-=hard -nostartfiles -g -Wall -Wextra -fno-tree-loop-distribute-patterns"
000-
000-Running Make libs in ps7_cortexa9_0/libsrc/ddrps_v1_2/src
000-
000-Running Make libs in ps7_cortexa9_0/libsrc/cpu_cortexa9_v2_12/src
000-
000-make -C ps7_cortexa9_0/libsrc/cpu_cortexa9_v2_12/src -s libs  "SHELL=/bin/sh" "COMPILER=arm-none-eabi-gcc" "ASSEMBLER=arm-none-
000-eabi-as" "ARCHIVER=arm-none-eabi-ar" "COMPILER_FLAGS=  -O2 -c" "EXTRA_COMPILER_FLAGS=-mcpu=cortex-a9 -mfpu=vfpv3 -mfloat-abi=ha
000-rd -nostartfiles -g -Wall -Wextra -fno-tree-loop-distribute-patterns"
000-
000-make -C ps7_cortexa9_0/libsrc/ddrps_v1_2/src -s libs  "SHELL=/bin/sh" "COMPILER=arm-none-eabi-gcc" "ASSEMBLER=arm-none-eabi-as"
000- "ARCHIVER=arm-none-eabi-ar" "COMPILER_FLAGS=  -O2 -c" "EXTRA_COMPILER_FLAGS=-mcpu=cortex-a9 -mfpu=vfpv3 -mfloat-abi=hard -nost
000-artfiles -g -Wall -Wextra -fno-tree-loop-distribute-patterns"
000-
000-Running Make libs in ps7_cortexa9_0/libsrc/devcfg_v3_8/src
000-
000-make -C ps7_cortexa9_0/libsrc/devcfg_v3_8/src -s libs  "SHELL=/bin/sh" "COMPILER=arm-none-eabi-gcc" "ASSEMBLER=arm-none-eabi-as
000-" "ARCHIVER=arm-none-eabi-ar" "COMPILER_FLAGS=  -O2 -c" "EXTRA_COMPILER_FLAGS=-mcpu=cortex-a9 -mfpu=vfpv3 -mfloat-abi=hard -nos
000-tartfiles -g -Wall -Wextra -fno-tree-loop-distribute-patterns"
000-
000-Running Make libs in ps7_cortexa9_0/libsrc/dmaps_v2_10/src
000-
000-make -C ps7_cortexa9_0/libsrc/dmaps_v2_10/src -s libs  "SHELL=/bin/sh" "COMPILER=arm-none-eabi-gcc" "ASSEMBLER=arm-none-eabi-as
000-" "ARCHIVER=arm-none-eabi-ar" "COMPILER_FLAGS=  -O2 -c" "EXTRA_COMPILER_FLAGS=-mcpu=cortex-a9 -mfpu=vfpv3 -mfloat-abi=hard -nos
000-tartfiles -g -Wall -Wextra -fno-tree-loop-distribute-patterns"
000-
000-Running Make libs in ps7_cortexa9_0/libsrc/emacps_v3_20/src
000-
000-Running Make libs in ps7_cortexa9_0/libsrc/freertos10_xilinx_v1_15/src
000-
000-make -C ps7_cortexa9_0/libsrc/emacps_v3_20/src -s libs  "SHELL=/bin/sh" "COMPILER=arm-none-eabi-gcc" "ASSEMBLER=arm-none-eabi-a
000-s" "ARCHIVER=arm-none-eabi-ar" "COMPILER_FLAGS=  -O2 -c" "EXTRA_COMPILER_FLAGS=-mcpu=cortex-a9 -mfpu=vfpv3 -mfloat-abi=hard -no
000-startfiles -g -Wall -Wextra -fno-tree-loop-distribute-patterns"
000-
000-Running Make libs in ps7_cortexa9_0/libsrc/gpiops_v3_13/src
000-
000-make -C ps7_cortexa9_0/libsrc/freertos10_xilinx_v1_15/src -s libs  "SHELL=/bin/sh" "COMPILER=arm-none-eabi-gcc" "ASSEMBLER=arm-
000-none-eabi-as" "ARCHIVER=arm-none-eabi-ar" "COMPILER_FLAGS=  -O2 -c" "EXTRA_COMPILER_FLAGS=-mcpu=cortex-a9 -mfpu=vfpv3 -mfloat-a
000-bi=hard -nostartfiles -g -Wall -Wextra -fno-tree-loop-distribute-patterns"
000-
000-make -C ps7_cortexa9_0/libsrc/gpiops_v3_13/src -s libs  "SHELL=/bin/sh" "COMPILER=arm-none-eabi-gcc" "ASSEMBLER=arm-none-eabi-a
000-s" "ARCHIVER=arm-none-eabi-ar" "COMPILER_FLAGS=  -O2 -c" "EXTRA_COMPILER_FLAGS=-mcpu=cortex-a9 -mfpu=vfpv3 -mfloat-abi=hard -no
000-startfiles -g -Wall -Wextra -fno-tree-loop-distribute-patterns"
000-
000-Running Make libs in ps7_cortexa9_0/libsrc/qspips_v3_12/src
000-
000-make -C ps7_cortexa9_0/libsrc/qspips_v3_12/src -s libs  "SHELL=/bin/sh" "COMPILER=arm-none-eabi-gcc" "ASSEMBLER=arm-none-eabi-a
000-s" "ARCHIVER=arm-none-eabi-ar" "COMPILER_FLAGS=  -O2 -c" "EXTRA_COMPILER_FLAGS=-mcpu=cortex-a9 -mfpu=vfpv3 -mfloat-abi=hard -no
000-startfiles -g -Wall -Wextra -fno-tree-loop-distribute-patterns"
000-
000-Running Make libs in ps7_cortexa9_0/libsrc/scugic_v5_3/src
000-
000-make -C ps7_cortexa9_0/libsrc/scugic_v5_3/src -s libs  "SHELL=/bin/sh" "COMPILER=arm-none-eabi-gcc" "ASSEMBLER=arm-none-eabi-as
000-" "ARCHIVER=arm-none-eabi-ar" "COMPILER_FLAGS=  -O2 -c" "EXTRA_COMPILER_FLAGS=-mcpu=cortex-a9 -mfpu=vfpv3 -mfloat-abi=hard -nos
000-tartfiles -g -Wall -Wextra -fno-tree-loop-distribute-patterns"
000-
000-Running Make libs in ps7_cortexa9_0/libsrc/scuwdt_v2_5/src
000-
000-Running Make libs in ps7_cortexa9_0/libsrc/scutimer_v2_6/src
000-
000-make -C ps7_cortexa9_0/libsrc/scutimer_v2_6/src -s libs  "SHELL=/bin/sh" "COMPILER=arm-none-eabi-gcc" "ASSEMBLER=arm-none-eabi-
000-as" "ARCHIVER=arm-none-eabi-ar" "COMPILER_FLAGS=  -O2 -c" "EXTRA_COMPILER_FLAGS=-mcpu=cortex-a9 -mfpu=vfpv3 -mfloat-abi=hard -n
000-ostartfiles -g -Wall -Wextra -fno-tree-loop-distribute-patterns"
000-
000-make -C ps7_cortexa9_0/libsrc/scuwdt_v2_5/src -s libs  "SHELL=/bin/sh" "COMPILER=arm-none-eabi-gcc" "ASSEMBLER=arm-none-eabi-as
000-" "ARCHIVER=arm-none-eabi-ar" "COMPILER_FLAGS=  -O2 -c" "EXTRA_COMPILER_FLAGS=-mcpu=cortex-a9 -mfpu=vfpv3 -mfloat-abi=hard -nos
000-tartfiles -g -Wall -Wextra -fno-tree-loop-distribute-patterns"
000-
000-Running Make libs in ps7_cortexa9_0/libsrc/sdps_v4_3/src
000-
000-make -C ps7_cortexa9_0/libsrc/sdps_v4_3/src -s libs  "SHELL=/bin/sh" "COMPILER=arm-none-eabi-gcc" "ASSEMBLER=arm-none-eabi-as" 
000-"ARCHIVER=arm-none-eabi-ar" "COMPILER_FLAGS=  -O2 -c" "EXTRA_COMPILER_FLAGS=-mcpu=cortex-a9 -mfpu=vfpv3 -mfloat-abi=hard -nosta
000-rtfiles -g -Wall -Wextra -fno-tree-loop-distribute-patterns"
000-
000-Running Make libs in ps7_cortexa9_0/libsrc/uartps_v3_14/src
000-
000-make -C ps7_cortexa9_0/libsrc/uartps_v3_14/src -s libs  "SHELL=/bin/sh" "COMPILER=arm-none-eabi-gcc" "ASSEMBLER=arm-none-eabi-a
000-s" "ARCHIVER=arm-none-eabi-ar" "COMPILER_FLAGS=  -O2 -c" "EXTRA_COMPILER_FLAGS=-mcpu=cortex-a9 -mfpu=vfpv3 -mfloat-abi=hard -no
000-startfiles -g -Wall -Wextra -fno-tree-loop-distribute-patterns"
000-
000-Running Make libs in ps7_cortexa9_0/libsrc/usbps_v2_9/src
000-
000-make -C ps7_cortexa9_0/libsrc/usbps_v2_9/src -s libs  "SHELL=/bin/sh" "COMPILER=arm-none-eabi-gcc" "ASSEMBLER=arm-none-eabi-as"
000- "ARCHIVER=arm-none-eabi-ar" "COMPILER_FLAGS=  -O2 -c" "EXTRA_COMPILER_FLAGS=-mcpu=cortex-a9 -mfpu=vfpv3 -mfloat-abi=hard -nost
000-artfiles -g -Wall -Wextra -fno-tree-loop-distribute-patterns"
000-
000-Running Make libs in ps7_cortexa9_0/libsrc/xadcps_v2_7/src
000-
000-Running Make libs in ps7_cortexa9_0/libsrc/xiltimer_v2_0/src
000-
000-make -C ps7_cortexa9_0/libsrc/xadcps_v2_7/src -s libs  "SHELL=/bin/sh" "COMPILER=arm-none-eabi-gcc" "ASSEMBLER=arm-none-eabi-as
000-" "ARCHIVER=arm-none-eabi-ar" "COMPILER_FLAGS=  -O2 -c" "EXTRA_COMPILER_FLAGS=-mcpu=cortex-a9 -mfpu=vfpv3 -mfloat-abi=hard -nos
000-tartfiles -g -Wall -Wextra -fno-tree-loop-distribute-patterns"
000-
000-make -C ps7_cortexa9_0/libsrc/xiltimer_v2_0/src -s libs  "SHELL=/bin/sh" "COMPILER=arm-none-eabi-gcc" "ASSEMBLER=arm-none-eabi-
000-as" "ARCHIVER=arm-none-eabi-ar" "COMPILER_FLAGS=  -O2 -c" "EXTRA_COMPILER_FLAGS=-mcpu=cortex-a9 -mfpu=vfpv3 -mfloat-abi=hard -n
000-ostartfiles -g -Wall -Wextra -fno-tree-loop-distribute-patterns"
000-
000-Compiling xiltimer Library
000-
000-Finished building libraries parallelly.
000-
000-make --no-print-directory archive
000-
000-arm-none-eabi-ar -r  ps7_cortexa9_0/lib/libxil.a ps7_cortexa9_0/lib/_exit.o ps7_cortexa9_0/lib/_open.o ps7_cortexa9_0/lib/_sbrk
000-.o ps7_cortexa9_0/lib/abort.o ps7_cortexa9_0/lib/boot.o ps7_cortexa9_0/lib/close.o ps7_cortexa9_0/lib/cpputest_time.o ps7_corte
000-xa9_0/lib/cpu_init.o ps7_cortexa9_0/lib/errno.o ps7_cortexa9_0/lib/fcntl.o ps7_cortexa9_0/lib/fstat.o ps7_cortexa9_0/lib/getent
000-ropy.o ps7_cortexa9_0/lib/getpid.o ps7_cortexa9_0/lib/inbyte.o ps7_cortexa9_0/lib/isatty.o ps7_cortexa9_0/lib/kill.o ps7_cortex
000-a9_0/lib/lseek.o ps7_cortexa9_0/lib/open.o ps7_cortexa9_0/lib/outbyte.o ps7_cortexa9_0/lib/print.o ps7_cortexa9_0/lib/putnum.o 
000-ps7_cortexa9_0/lib/read.o ps7_cortexa9_0/lib/sbrk.o ps7_cortexa9_0/lib/time.o ps7_cortexa9_0/lib/translation_table.o ps7_cortex
000-a9_0/lib/unlink.o ps7_cortexa9_0/lib/vectors.o ps7_cortexa9_0/lib/write.o ps7_cortexa9_0/lib/xadcps.o ps7_cortexa9_0/lib/xadcps
000-_g.o ps7_cortexa9_0/lib/xadcps_intr.o ps7_cortexa9_0/lib/xadcps_selftest.o ps7_cortexa9_0/lib/xadcps_sinit.o ps7_cortexa9_0/lib
000-/xbram.o ps7_cortexa9_0/lib/xbram_g.o ps7_cortexa9_0/lib/xbram_intr.o ps7_cortexa9_0/lib/xbram_selftest.o ps7_cortexa9_0/lib/xb
000-ram_sinit.o ps7_cortexa9_0/lib/xcoresightpsdcc.o ps7_cortexa9_0/lib/xdevcfg.o ps7_cortexa9_0/lib/xdevcfg_g.o ps7_cortexa9_0/lib
000-/xdevcfg_hw.o ps7_cortexa9_0/lib/xdevcfg_intr.o ps7_cortexa9_0/lib/xdevcfg_selftest.o ps7_cortexa9_0/lib/xdevcfg_sinit.o ps7_co
000-rtexa9_0/lib/xdmaps.o ps7_cortexa9_0/lib/xdmaps_g.o ps7_cortexa9_0/lib/xdmaps_hw.o ps7_cortexa9_0/lib/xdmaps_selftest.o ps7_cor
000-texa9_0/lib/xdmaps_sinit.o ps7_cortexa9_0/lib/xemacps.o ps7_cortexa9_0/lib/xemacps_bdring.o ps7_cortexa9_0/lib/xemacps_control.
000-o ps7_cortexa9_0/lib/xemacps_g.o ps7_cortexa9_0/lib/xemacps_hw.o ps7_cortexa9_0/lib/xemacps_intr.o ps7_cortexa9_0/lib/xemacps_s
000-init.o ps7_cortexa9_0/lib/xgpiops.o ps7_cortexa9_0/lib/xgpiops_g.o ps7_cortexa9_0/lib/xgpiops_hw.o ps7_cortexa9_0/lib/xgpiops_i
000-ntr.o ps7_cortexa9_0/lib/xgpiops_selftest.o ps7_cortexa9_0/lib/xgpiops_sinit.o ps7_cortexa9_0/lib/xil-crt0.o ps7_cortexa9_0/lib
000-/xil_assert.o ps7_cortexa9_0/lib/xil_cache.o ps7_cortexa9_0/lib/xil_clocking.o ps7_cortexa9_0/lib/xil_exception.o ps7_cortexa9_
000-0/lib/xil_mem.o ps7_cortexa9_0/lib/xil_misc_psreset_api.o ps7_cortexa9_0/lib/xil_mmu.o ps7_cortexa9_0/lib/xil_printf.o ps7_cort
000-exa9_0/lib/xil_spinlock.o ps7_cortexa9_0/lib/xil_testcache.o ps7_cortexa9_0/lib/xil_testio.o ps7_cortexa9_0/lib/xil_testmem.o p
000-s7_cortexa9_0/lib/xil_util.o ps7_cortexa9_0/lib/xinterrupt_wrap.o ps7_cortexa9_0/lib/xl2cc_counter.o ps7_cortexa9_0/lib/xplatfo
000-rm_info.o ps7_cortexa9_0/lib/xpm_counter.o ps7_cortexa9_0/lib/xpm_init.o ps7_cortexa9_0/lib/xqspips.o ps7_cortexa9_0/lib/xqspip
000-s_g.o ps7_cortexa9_0/lib/xqspips_hw.o ps7_cortexa9_0/lib/xqspips_options.o ps7_cortexa9_0/lib/xqspips_selftest.o ps7_cortexa9_0
000-/lib/xqspips_sinit.o ps7_cortexa9_0/lib/xscugic.o ps7_cortexa9_0/lib/xscugic_g.o ps7_cortexa9_0/lib/xscugic_hw.o ps7_cortexa9_0
000-/lib/xscugic_intr.o ps7_cortexa9_0/lib/xscugic_selftest.o ps7_cortexa9_0/lib/xscugic_sinit.o ps7_cortexa9_0/lib/xscutimer.o ps7
000-_cortexa9_0/lib/xscutimer_g.o ps7_cortexa9_0/lib/xscutimer_selftest.o ps7_cortexa9_0/lib/xscutimer_sinit.o ps7_cortexa9_0/lib/x
000-scuwdt.o ps7_cortexa9_0/lib/xscuwdt_g.o ps7_cortexa9_0/lib/xscuwdt_selftest.o ps7_cortexa9_0/lib/xscuwdt_sinit.o ps7_cortexa9_0
000-/lib/xsdps.o ps7_cortexa9_0/lib/xsdps_card.o ps7_cortexa9_0/lib/xsdps_g.o ps7_cortexa9_0/lib/xsdps_host.o ps7_cortexa9_0/lib/xs
000-dps_options.o ps7_cortexa9_0/lib/xsdps_sinit.o ps7_cortexa9_0/lib/xuartps.o ps7_cortexa9_0/lib/xuartps_g.o ps7_cortexa9_0/lib/x
000-uartps_hw.o ps7_cortexa9_0/lib/xuartps_intr.o ps7_cortexa9_0/lib/xuartps_options.o ps7_cortexa9_0/lib/xuartps_selftest.o ps7_co
000-rtexa9_0/lib/xuartps_sinit.o ps7_cortexa9_0/lib/xusbps.o ps7_cortexa9_0/lib/xusbps_endpoint.o ps7_cortexa9_0/lib/xusbps_g.o ps7
000-_cortexa9_0/lib/xusbps_hw.o ps7_cortexa9_0/lib/xusbps_intr.o ps7_cortexa9_0/lib/xusbps_sinit.o
000-
000-Finished building libraries
000-
00255-
14:52:35 Build Finished (took 6s.341ms)

