Copyright 1986-2022 Xilinx, Inc. All Rights Reserved. Copyright 2022-2024 Advanced Micro Devices, Inc. All Rights Reserved.
---------------------------------------------------------------------------------------------------------------------------------------------
| Tool Version : Vivado v.2024.1 (lin64) Build 5076996 Wed May 22 18:36:09 MDT 2024
| Date         : Mon Jul 15 13:39:39 2024
| Host         : travelmate running 64-bit Ubuntu 22.04.4 LTS
| Command      : report_control_sets -verbose -file pynq_z2_bram_wrapper_control_sets_placed.rpt
| Design       : pynq_z2_bram_wrapper
| Device       : xc7z020
---------------------------------------------------------------------------------------------------------------------------------------------

Control Set Information

Table of Contents
-----------------
1. Summary
2. Histogram
3. Flip-Flop Distribution
4. Detailed Control Set Information

1. Summary
----------

+----------------------------------------------------------+-------+
|                          Status                          | Count |
+----------------------------------------------------------+-------+
| Total control sets                                       |   115 |
|    Minimum number of control sets                        |   115 |
|    Addition due to synthesis replication                 |     0 |
|    Addition due to physical synthesis replication        |     0 |
| Unused register locations in slices containing registers |   411 |
+----------------------------------------------------------+-------+
* Control sets can be merged at opt_design using control_set_merge or merge_equivalent_drivers
** Run report_qor_suggestions for automated merging and remapping suggestions


2. Histogram
------------

+--------------------+-------+
|       Fanout       | Count |
+--------------------+-------+
| Total control sets |   115 |
| >= 0 to < 4        |    21 |
| >= 4 to < 6        |    24 |
| >= 6 to < 8        |     5 |
| >= 8 to < 10       |    18 |
| >= 10 to < 12      |     4 |
| >= 12 to < 14      |    14 |
| >= 14 to < 16      |     0 |
| >= 16              |    29 |
+--------------------+-------+
* Control sets can be remapped at either synth_design or opt_design


3. Flip-Flop Distribution
-------------------------

+--------------+-----------------------+------------------------+-----------------+--------------+
| Clock Enable | Synchronous Set/Reset | Asynchronous Set/Reset | Total Registers | Total Slices |
+--------------+-----------------------+------------------------+-----------------+--------------+
| No           | No                    | No                     |             116 |           59 |
| No           | No                    | Yes                    |              27 |            9 |
| No           | Yes                   | No                     |             126 |           74 |
| Yes          | No                    | No                     |             503 |          138 |
| Yes          | No                    | Yes                    |               0 |            0 |
| Yes          | Yes                   | No                     |             489 |          154 |
+--------------+-----------------------+------------------------+-----------------+--------------+


4. Detailed Control Set Information
-----------------------------------

+-----------------------------------------------------+-----------------------------------------------------------------------------------------------------------------------------------------------------------------------------------------------------------+----------------------------------------------------------------------------------------------------------------------------------------------------------------------------------------------+------------------+----------------+--------------+
|                     Clock Signal                    |                                                                                               Enable Signal                                                                                               |                                                                                       Set/Reset Signal                                                                                       | Slice Load Count | Bel Load Count | Bels / Slice |
+-----------------------------------------------------+-----------------------------------------------------------------------------------------------------------------------------------------------------------------------------------------------------------+----------------------------------------------------------------------------------------------------------------------------------------------------------------------------------------------+------------------+----------------+--------------+
|  pynq_z2_bram_i/processing_system7_0/inst/FCLK_CLK0 |                                                                                                                                                                                                           | pynq_z2_bram_i/axi_smc/inst/s00_nodes/s00_w_node/inst/s_sc_areset_pipe                                                                                                                       |                1 |              1 |         1.00 |
|  pynq_z2_bram_i/processing_system7_0/inst/FCLK_CLK0 |                                                                                                                                                                                                           | pynq_z2_bram_i/axi_smc/inst/s00_nodes/s00_w_node/inst/mi_handler_m_sc_areset                                                                                                                 |                1 |              1 |         1.00 |
|  pynq_z2_bram_i/processing_system7_0/inst/FCLK_CLK0 |                                                                                                                                                                                                           | pynq_z2_bram_i/axi_smc/inst/s00_nodes/s00_r_node/inst/s_sc_areset_pipe                                                                                                                       |                1 |              1 |         1.00 |
|  pynq_z2_bram_i/processing_system7_0/inst/FCLK_CLK0 |                                                                                                                                                                                                           | pynq_z2_bram_i/axi_smc/inst/s00_nodes/s00_r_node/inst/mi_handler_m_sc_areset                                                                                                                 |                1 |              1 |         1.00 |
|  pynq_z2_bram_i/processing_system7_0/inst/FCLK_CLK0 |                                                                                                                                                                                                           | pynq_z2_bram_i/axi_smc/inst/s00_nodes/s00_aw_node/inst/mi_handler_m_sc_areset                                                                                                                |                1 |              1 |         1.00 |
|  pynq_z2_bram_i/processing_system7_0/inst/FCLK_CLK0 | pynq_z2_bram_i/axi_smc/inst/m00_exit_pipeline/m00_exit/inst/exit_inst/gen_w_cmd_fifo.w_cmd_fifo/gen_srls[1].srl_nx1/shift                                                                                 |                                                                                                                                                                                              |                1 |              1 |         1.00 |
|  pynq_z2_bram_i/processing_system7_0/inst/FCLK_CLK0 |                                                                                                                                                                                                           | pynq_z2_bram_i/axi_smc/inst/s00_nodes/s00_aw_node/inst/s_sc_areset_pipe                                                                                                                      |                1 |              1 |         1.00 |
|  pynq_z2_bram_i/processing_system7_0/inst/FCLK_CLK0 |                                                                                                                                                                                                           | pynq_z2_bram_i/axi_smc/inst/s00_nodes/s00_ar_node/inst/mi_handler_m_sc_areset                                                                                                                |                1 |              1 |         1.00 |
|  pynq_z2_bram_i/processing_system7_0/inst/FCLK_CLK0 |                                                                                                                                                                                                           | pynq_z2_bram_i/axi_smc/inst/s00_nodes/s00_ar_node/inst/s_sc_areset_pipe                                                                                                                      |                1 |              1 |         1.00 |
|  pynq_z2_bram_i/processing_system7_0/inst/FCLK_CLK0 |                                                                                                                                                                                                           | pynq_z2_bram_i/axi_smc/inst/s00_nodes/s00_b_node/inst/s_sc_areset_pipe                                                                                                                       |                1 |              1 |         1.00 |
|  pynq_z2_bram_i/processing_system7_0/inst/FCLK_CLK0 |                                                                                                                                                                                                           | pynq_z2_bram_i/axi_smc/inst/s00_nodes/s00_b_node/inst/mi_handler_m_sc_areset                                                                                                                 |                1 |              1 |         1.00 |
|  pynq_z2_bram_i/processing_system7_0/inst/FCLK_CLK0 |                                                                                                                                                                                                           | pynq_z2_bram_i/axi_smc/inst/s00_nodes/s00_aw_node/inst/s_sc_xpm_cdc_async_rst_inst/reset_pol                                                                                                 |                1 |              3 |         3.00 |
|  pynq_z2_bram_i/processing_system7_0/inst/FCLK_CLK0 |                                                                                                                                                                                                           | pynq_z2_bram_i/axi_smc/inst/s00_nodes/s00_w_node/inst/s_sc_xpm_cdc_async_rst_inst/reset_pol                                                                                                  |                1 |              3 |         3.00 |
|  pynq_z2_bram_i/processing_system7_0/inst/FCLK_CLK0 |                                                                                                                                                                                                           | pynq_z2_bram_i/axi_smc/inst/s00_nodes/s00_r_node/inst/s_sc_xpm_cdc_async_rst_inst/reset_pol                                                                                                  |                1 |              3 |         3.00 |
|  pynq_z2_bram_i/processing_system7_0/inst/FCLK_CLK0 |                                                                                                                                                                                                           | pynq_z2_bram_i/axi_smc/inst/s00_nodes/s00_b_node/inst/s_sc_xpm_cdc_async_rst_inst/reset_pol                                                                                                  |                1 |              3 |         3.00 |
|  pynq_z2_bram_i/processing_system7_0/inst/FCLK_CLK0 |                                                                                                                                                                                                           | pynq_z2_bram_i/axi_smc/inst/s00_entry_pipeline/s00_transaction_regulator/inst/xpm_cdc_async_rst_inst/reset_pol                                                                               |                1 |              3 |         3.00 |
|  pynq_z2_bram_i/processing_system7_0/inst/FCLK_CLK0 |                                                                                                                                                                                                           | pynq_z2_bram_i/axi_smc/inst/s00_entry_pipeline/s00_mmu/inst/xpm_cdc_async_rst_inst/reset_pol                                                                                                 |                1 |              3 |         3.00 |
|  pynq_z2_bram_i/processing_system7_0/inst/FCLK_CLK0 |                                                                                                                                                                                                           | pynq_z2_bram_i/axi_smc/inst/s00_entry_pipeline/s00_si_converter/inst/xpm_cdc_async_rst_inst/reset_pol                                                                                        |                1 |              3 |         3.00 |
|  pynq_z2_bram_i/processing_system7_0/inst/FCLK_CLK0 |                                                                                                                                                                                                           | pynq_z2_bram_i/axi_smc/inst/s00_nodes/s00_ar_node/inst/s_sc_xpm_cdc_async_rst_inst/reset_pol                                                                                                 |                1 |              3 |         3.00 |
|  pynq_z2_bram_i/processing_system7_0/inst/FCLK_CLK0 |                                                                                                                                                                                                           | pynq_z2_bram_i/axi_smc/inst/m00_exit_pipeline/m00_exit/inst/xpm_cdc_async_rst_inst/reset_pol                                                                                                 |                1 |              3 |         3.00 |
|  pynq_z2_bram_i/processing_system7_0/inst/FCLK_CLK0 | pynq_z2_bram_i/axi_smc/inst/s00_entry_pipeline/s00_si_converter/inst/gen_normal.splitter_inst/gen_no_wsplitter.gen_endpoint_woffset.gen_wbypass_offset_fifo.wbypass_offset_fifo/gen_srls[6].srl_nx1/shift |                                                                                                                                                                                              |                1 |              3 |         3.00 |
|  pynq_z2_bram_i/processing_system7_0/inst/FCLK_CLK0 | pynq_z2_bram_i/axi_smc/inst/s00_entry_pipeline/s00_si_converter/inst/converter.wrap_narrow_inst/w_payld_fifo/cmd_fifo/E[0]                                                                                |                                                                                                                                                                                              |                2 |              4 |         2.00 |
|  pynq_z2_bram_i/processing_system7_0/inst/FCLK_CLK0 | pynq_z2_bram_i/axi_smc/inst/s00_entry_pipeline/s00_si_converter/inst/converter.wrap_narrow_inst/w_cmd_fifo/fifoaddr[3]_i_1__5_n_0                                                                         | pynq_z2_bram_i/axi_smc/inst/s00_entry_pipeline/s00_si_converter/inst/areset                                                                                                                  |                1 |              4 |         4.00 |
|  pynq_z2_bram_i/processing_system7_0/inst/FCLK_CLK0 | pynq_z2_bram_i/axi_smc/inst/s00_entry_pipeline/s00_si_converter/inst/converter.wrap_narrow_inst/gen_thread_loop[0].r_cmd_fifo/fifoaddr[3]_i_1__3_n_0                                                      | pynq_z2_bram_i/axi_smc/inst/s00_entry_pipeline/s00_si_converter/inst/areset                                                                                                                  |                1 |              4 |         4.00 |
|  pynq_z2_bram_i/processing_system7_0/inst/FCLK_CLK0 | pynq_z2_bram_i/axi_smc/inst/m00_exit_pipeline/m00_exit/inst/exit_inst/gen_r_cmd_fifo.r_cmd_fifo/gen_srls[15].srl_nx1/shift                                                                                |                                                                                                                                                                                              |                1 |              4 |         4.00 |
|  pynq_z2_bram_i/processing_system7_0/inst/FCLK_CLK0 | pynq_z2_bram_i/axi_bram_ctrl_0/U0/gext_inst.abcv4_0_ext_inst/GEN_AXI4.I_FULL_AXI/I_WR_CHNL/wrdata_reg_ld                                                                                                  | pynq_z2_bram_i/axi_bram_ctrl_0/U0/gext_inst.abcv4_0_ext_inst/GEN_AXI4.I_FULL_AXI/I_WR_CHNL/GEN_WR_NO_ECC.bram_we_int[3]_i_1_n_0                                                              |                1 |              4 |         4.00 |
|  pynq_z2_bram_i/processing_system7_0/inst/FCLK_CLK0 | pynq_z2_bram_i/axi_smc/inst/m00_exit_pipeline/m00_exit/inst/exit_inst/gen_w_cmd_fifo.w_cmd_fifo/fifoaddr[3]_i_1__0_n_0                                                                                    | pynq_z2_bram_i/axi_smc/inst/m00_exit_pipeline/m00_exit/inst/areset                                                                                                                           |                2 |              4 |         2.00 |
|  pynq_z2_bram_i/processing_system7_0/inst/FCLK_CLK0 | pynq_z2_bram_i/axi_smc/inst/s00_entry_pipeline/s00_si_converter/inst/converter.wrap_narrow_inst/w_payld_fifo/cmd_fifo/fifoaddr[3]_i_1__0_n_0                                                              | pynq_z2_bram_i/axi_smc/inst/s00_entry_pipeline/s00_si_converter/inst/areset                                                                                                                  |                1 |              4 |         4.00 |
|  pynq_z2_bram_i/processing_system7_0/inst/FCLK_CLK0 | pynq_z2_bram_i/axi_smc/inst/s00_entry_pipeline/s00_si_converter/inst/converter.wrap_narrow_inst/w_payld_fifo/w_payld_push_d0                                                                              | pynq_z2_bram_i/axi_smc/inst/s00_entry_pipeline/s00_si_converter/inst/areset                                                                                                                  |                2 |              4 |         2.00 |
|  pynq_z2_bram_i/processing_system7_0/inst/FCLK_CLK0 | pynq_z2_bram_i/axi_smc/inst/m00_exit_pipeline/m00_exit/inst/exit_inst/gen_r_cmd_fifo.r_cmd_fifo/fifoaddr[3]_i_1_n_0                                                                                       | pynq_z2_bram_i/axi_smc/inst/m00_exit_pipeline/m00_exit/inst/areset                                                                                                                           |                1 |              4 |         4.00 |
|  pynq_z2_bram_i/processing_system7_0/inst/FCLK_CLK0 | pynq_z2_bram_i/axi_smc/inst/m00_exit_pipeline/m00_exit/inst/exit_inst/gen_r_cmd_fifo.r_cmd_fifo/gen_pipelined.load_mesg                                                                                   |                                                                                                                                                                                              |                2 |              4 |         2.00 |
|  pynq_z2_bram_i/processing_system7_0/inst/FCLK_CLK0 | pynq_z2_bram_i/axi_smc/inst/s00_entry_pipeline/s00_si_converter/inst/gen_normal.splitter_inst/gen_no_wsplitter.gen_endpoint_woffset.gen_wbypass_offset_fifo.wbypass_offset_fifo/fifoaddr[3]_i_1_n_0       | pynq_z2_bram_i/axi_smc/inst/s00_entry_pipeline/s00_si_converter/inst/areset                                                                                                                  |                1 |              4 |         4.00 |
|  pynq_z2_bram_i/processing_system7_0/inst/FCLK_CLK0 | pynq_z2_bram_i/axi_smc/inst/s00_entry_pipeline/s00_transaction_regulator/inst/gen_endpoint.gen_r_singleorder.r_singleorder/gen_id_fifo.singleorder_fifo/fifoaddr[3]_i_1__0_n_0                            | pynq_z2_bram_i/axi_smc/inst/s00_entry_pipeline/s00_transaction_regulator/inst/areset                                                                                                         |                2 |              4 |         2.00 |
|  pynq_z2_bram_i/processing_system7_0/inst/FCLK_CLK0 | pynq_z2_bram_i/axi_smc/inst/s00_entry_pipeline/s00_si_converter/inst/converter.wrap_narrow_inst/ar_reg_slice/E[0]                                                                                         | pynq_z2_bram_i/axi_smc/inst/s00_entry_pipeline/s00_si_converter/inst/areset                                                                                                                  |                2 |              4 |         2.00 |
|  pynq_z2_bram_i/processing_system7_0/inst/FCLK_CLK0 | pynq_z2_bram_i/axi_smc/inst/s00_entry_pipeline/s00_si_converter/inst/converter.wrap_narrow_inst/gen_thread_loop[0].r_payld_fifo/cmd_fifo/fifoaddr[3]_i_1__2_n_0                                           | pynq_z2_bram_i/axi_smc/inst/s00_entry_pipeline/s00_si_converter/inst/areset                                                                                                                  |                1 |              4 |         4.00 |
|  pynq_z2_bram_i/processing_system7_0/inst/FCLK_CLK0 | pynq_z2_bram_i/axi_smc/inst/s00_entry_pipeline/s00_transaction_regulator/inst/gen_endpoint.gen_w_singleorder.w_singleorder/gen_id_fifo.singleorder_fifo/fifoaddr[3]_i_1_n_0                               | pynq_z2_bram_i/axi_smc/inst/s00_entry_pipeline/s00_transaction_regulator/inst/areset                                                                                                         |                1 |              4 |         4.00 |
|  pynq_z2_bram_i/processing_system7_0/inst/FCLK_CLK0 |                                                                                                                                                                                                           | pynq_z2_bram_i/rst_ps7_0_100M/U0/EXT_LPF/lpf_int                                                                                                                                             |                2 |              4 |         2.00 |
|  pynq_z2_bram_i/processing_system7_0/inst/FCLK_CLK0 | pynq_z2_bram_i/axi_smc/inst/s00_entry_pipeline/s00_si_converter/inst/converter.wrap_narrow_inst/gen_thread_loop[0].r_payld_fifo/cmd_fifo/E[0]                                                             |                                                                                                                                                                                              |                3 |              4 |         1.33 |
|  pynq_z2_bram_i/processing_system7_0/inst/FCLK_CLK0 | pynq_z2_bram_i/axi_bram_ctrl_0/U0/gext_inst.abcv4_0_ext_inst/GEN_AXI4.I_FULL_AXI/I_RD_CHNL/FSM_sequential_GEN_NO_RD_CMD_OPT.rd_data_sm_cs[3]_i_1_n_0                                                      | pynq_z2_bram_i/axi_bram_ctrl_0/U0/gext_inst.abcv4_0_ext_inst/GEN_AXI4.I_FULL_AXI/I_RD_CHNL/GEN_NO_RD_CMD_OPT.I_WRAP_BRST/SR[0]                                                               |                4 |              4 |         1.00 |
|  pynq_z2_bram_i/processing_system7_0/inst/FCLK_CLK0 |                                                                                                                                                                                                           | pynq_z2_bram_i/axi_smc/inst/clk_map/psr_aclk/U0/EXT_LPF/lpf_int                                                                                                                              |                2 |              4 |         2.00 |
|  pynq_z2_bram_i/processing_system7_0/inst/FCLK_CLK0 | pynq_z2_bram_i/axi_smc/inst/s00_entry_pipeline/s00_mmu/inst/gen_endpoint.w_cnt[4]_i_1_n_0                                                                                                                 | pynq_z2_bram_i/axi_smc/inst/s00_entry_pipeline/s00_mmu/inst/areset_d                                                                                                                         |                2 |              5 |         2.50 |
|  pynq_z2_bram_i/processing_system7_0/inst/FCLK_CLK0 | pynq_z2_bram_i/axi_smc/inst/s00_entry_pipeline/s00_mmu/inst/ar_reg_stall/E[0]                                                                                                                             | pynq_z2_bram_i/axi_smc/inst/s00_entry_pipeline/s00_mmu/inst/areset                                                                                                                           |                2 |              5 |         2.50 |
|  pynq_z2_bram_i/processing_system7_0/inst/FCLK_CLK0 | pynq_z2_bram_i/axi_smc/inst/s00_entry_pipeline/s00_si_converter/inst/converter.wrap_narrow_inst/w_payld_fifo/fifoaddr[4]_i_1_n_0                                                                          | pynq_z2_bram_i/axi_smc/inst/s00_entry_pipeline/s00_si_converter/inst/areset                                                                                                                  |                3 |              5 |         1.67 |
|  pynq_z2_bram_i/processing_system7_0/inst/FCLK_CLK0 | pynq_z2_bram_i/axi_smc/inst/s00_entry_pipeline/s00_mmu/inst/gen_endpoint.b_cnt[4]_i_1_n_0                                                                                                                 | pynq_z2_bram_i/axi_smc/inst/s00_entry_pipeline/s00_mmu/inst/areset_d                                                                                                                         |                2 |              5 |         2.50 |
|  pynq_z2_bram_i/processing_system7_0/inst/FCLK_CLK0 | pynq_z2_bram_i/axi_smc/inst/s00_entry_pipeline/s00_si_converter/inst/converter.wrap_narrow_inst/gen_thread_loop[0].r_payld_fifo/fifoaddr[4]_i_1__0_n_0                                                    | pynq_z2_bram_i/axi_smc/inst/s00_entry_pipeline/s00_si_converter/inst/areset                                                                                                                  |                3 |              5 |         1.67 |
|  pynq_z2_bram_i/processing_system7_0/inst/FCLK_CLK0 | pynq_z2_bram_i/rst_ps7_0_100M/U0/SEQ/seq_cnt_en                                                                                                                                                           | pynq_z2_bram_i/rst_ps7_0_100M/U0/SEQ/SEQ_COUNTER/clear                                                                                                                                       |                1 |              6 |         6.00 |
|  pynq_z2_bram_i/processing_system7_0/inst/FCLK_CLK0 | pynq_z2_bram_i/axi_smc/inst/clk_map/psr_aclk/U0/SEQ/seq_cnt_en                                                                                                                                            | pynq_z2_bram_i/axi_smc/inst/clk_map/psr_aclk/U0/SEQ/SEQ_COUNTER/clear                                                                                                                        |                1 |              6 |         6.00 |
|  pynq_z2_bram_i/processing_system7_0/inst/FCLK_CLK0 |                                                                                                                                                                                                           | pynq_z2_bram_i/axi_smc/inst/m00_exit_pipeline/m00_exit/inst/areset                                                                                                                           |                2 |              6 |         3.00 |
|  pynq_z2_bram_i/processing_system7_0/inst/FCLK_CLK0 | pynq_z2_bram_i/axi_smc/inst/s00_entry_pipeline/s00_si_converter/inst/converter.wrap_narrow_inst/w_cmd_fifo/w_accum_continue1                                                                              |                                                                                                                                                                                              |                2 |              6 |         3.00 |
|  pynq_z2_bram_i/processing_system7_0/inst/FCLK_CLK0 |                                                                                                                                                                                                           | pynq_z2_bram_i/axi_smc/inst/s00_entry_pipeline/s00_transaction_regulator/inst/areset                                                                                                         |                4 |              6 |         1.50 |
|  pynq_z2_bram_i/processing_system7_0/inst/FCLK_CLK0 | pynq_z2_bram_i/axi_smc/inst/s00_entry_pipeline/s00_si_converter/inst/converter.wrap_narrow_inst/w_payld_fifo/cmd_fifo/gen_srls[11].srl_nx1/shift                                                          |                                                                                                                                                                                              |                3 |              8 |         2.67 |
|  pynq_z2_bram_i/processing_system7_0/inst/FCLK_CLK0 | pynq_z2_bram_i/axi_smc/inst/s00_entry_pipeline/s00_si_converter/inst/converter.wrap_narrow_inst/w_cmd_fifo/E[0]                                                                                           | pynq_z2_bram_i/axi_smc/inst/s00_entry_pipeline/s00_si_converter/inst/areset                                                                                                                  |                5 |              8 |         1.60 |
|  pynq_z2_bram_i/processing_system7_0/inst/FCLK_CLK0 | pynq_z2_bram_i/axi_bram_ctrl_0/U0/gext_inst.abcv4_0_ext_inst/GEN_AXI4.I_FULL_AXI/I_RD_CHNL/GEN_NO_RD_CMD_OPT.brst_cnt[7]_i_1_n_0                                                                          | pynq_z2_bram_i/axi_bram_ctrl_0/U0/gext_inst.abcv4_0_ext_inst/GEN_AXI4.I_FULL_AXI/I_RD_CHNL/GEN_NO_RD_CMD_OPT.I_WRAP_BRST/SR[0]                                                               |                4 |              8 |         2.00 |
|  pynq_z2_bram_i/processing_system7_0/inst/FCLK_CLK0 | pynq_z2_bram_i/axi_smc/inst/s00_entry_pipeline/s00_mmu/inst/gen_endpoint.decerr_slave_inst/gen_axi.gen_read.read_cnt[7]_i_1_n_0                                                                           | pynq_z2_bram_i/axi_smc/inst/s00_entry_pipeline/s00_mmu/inst/areset                                                                                                                           |                3 |              8 |         2.67 |
|  pynq_z2_bram_i/processing_system7_0/inst/FCLK_CLK0 | pynq_z2_bram_i/axi_smc/inst/s00_entry_pipeline/s00_si_converter/inst/converter.wrap_narrow_inst/gen_thread_loop[0].r_payld_fifo/cmd_fifo/gen_pipelined.load_mesg                                          |                                                                                                                                                                                              |                3 |              8 |         2.67 |
|  pynq_z2_bram_i/processing_system7_0/inst/FCLK_CLK0 | pynq_z2_bram_i/axi_smc/inst/s00_nodes/s00_b_node/inst/inst_mi_handler/gen_normal_area.inst_fifo_node_payld/gen_xpm_memory_fifo.inst_fifo/gen_mem_rep[0].inst_rd_addrb/rd_addrb_incr                       | pynq_z2_bram_i/axi_smc/inst/s00_nodes/s00_b_node/inst/inst_mi_handler/m_sc_areset_r                                                                                                          |                3 |              8 |         2.67 |
|  pynq_z2_bram_i/processing_system7_0/inst/FCLK_CLK0 | pynq_z2_bram_i/axi_smc/inst/s00_nodes/s00_b_node/inst/inst_mi_handler/gen_normal_area.inst_fifo_node_payld/gen_xpm_memory_fifo.inst_fifo/wr_wea                                                           |                                                                                                                                                                                              |                1 |              8 |         8.00 |
|  pynq_z2_bram_i/processing_system7_0/inst/FCLK_CLK0 | pynq_z2_bram_i/axi_smc/inst/s00_entry_pipeline/s00_si_converter/inst/converter.wrap_narrow_inst/gen_thread_loop[0].r_payld_fifo/cmd_fifo/gen_srls[11].srl_nx1/shift                                       |                                                                                                                                                                                              |                3 |              8 |         2.67 |
|  pynq_z2_bram_i/processing_system7_0/inst/FCLK_CLK0 | pynq_z2_bram_i/axi_smc/inst/s00_entry_pipeline/s00_si_converter/inst/converter.wrap_narrow_inst/w_payld_fifo/cmd_fifo/gen_pipelined.load_mesg                                                             |                                                                                                                                                                                              |                5 |              8 |         1.60 |
|  pynq_z2_bram_i/processing_system7_0/inst/FCLK_CLK0 | pynq_z2_bram_i/axi_smc/inst/s00_entry_pipeline/s00_si_converter/inst/converter.wrap_narrow_inst/gen_thread_loop[0].r_cmd_fifo/gen_thread_loop[0].r_word_cnt_reg[0][7][0]                                  | pynq_z2_bram_i/axi_smc/inst/s00_entry_pipeline/s00_si_converter/inst/areset                                                                                                                  |                3 |              8 |         2.67 |
|  pynq_z2_bram_i/processing_system7_0/inst/FCLK_CLK0 | pynq_z2_bram_i/axi_smc/inst/s00_entry_pipeline/s00_si_converter/inst/converter.wrap_narrow_inst/w_payld_fifo/cmd_fifo/last_beat_reg_0[0]                                                                  | pynq_z2_bram_i/axi_smc/inst/s00_entry_pipeline/s00_si_converter/inst/areset                                                                                                                  |                3 |              9 |         3.00 |
|  pynq_z2_bram_i/processing_system7_0/inst/FCLK_CLK0 | pynq_z2_bram_i/axi_smc/inst/s00_entry_pipeline/s00_si_converter/inst/converter.wrap_narrow_inst/w_payld_fifo/w_fill_mask_reg[3][2]                                                                        |                                                                                                                                                                                              |                3 |              9 |         3.00 |
|  pynq_z2_bram_i/processing_system7_0/inst/FCLK_CLK0 | pynq_z2_bram_i/axi_smc/inst/s00_entry_pipeline/s00_si_converter/inst/converter.wrap_narrow_inst/w_payld_fifo/w_fill_mask_reg[3][0]                                                                        |                                                                                                                                                                                              |                3 |              9 |         3.00 |
|  pynq_z2_bram_i/processing_system7_0/inst/FCLK_CLK0 | pynq_z2_bram_i/axi_smc/inst/s00_entry_pipeline/s00_si_converter/inst/converter.wrap_narrow_inst/gen_thread_loop[0].r_payld_fifo/cmd_fifo/last_beat_reg_0[0]                                               | pynq_z2_bram_i/axi_smc/inst/s00_entry_pipeline/s00_si_converter/inst/areset                                                                                                                  |                4 |              9 |         2.25 |
|  pynq_z2_bram_i/processing_system7_0/inst/FCLK_CLK0 | pynq_z2_bram_i/axi_smc/inst/s00_entry_pipeline/s00_si_converter/inst/converter.wrap_narrow_inst/w_payld_fifo/w_fill_mask_reg[3][1]                                                                        |                                                                                                                                                                                              |                3 |              9 |         3.00 |
|  pynq_z2_bram_i/processing_system7_0/inst/FCLK_CLK0 | pynq_z2_bram_i/axi_smc/inst/s00_entry_pipeline/s00_si_converter/inst/converter.wrap_narrow_inst/w_payld_fifo/s_ready_i_reg_0                                                                              | pynq_z2_bram_i/axi_smc/inst/s00_entry_pipeline/s00_si_converter/inst/converter.wrap_narrow_inst/w_payld_fifo/w_accum_continue_d_reg                                                          |                3 |              9 |         3.00 |
|  pynq_z2_bram_i/processing_system7_0/inst/FCLK_CLK0 | pynq_z2_bram_i/axi_smc/inst/s00_entry_pipeline/s00_si_converter/inst/converter.wrap_narrow_inst/w_payld_fifo/cmd_fifo/last_beat_reg                                                                       | pynq_z2_bram_i/axi_smc/inst/s00_entry_pipeline/s00_si_converter/inst/areset                                                                                                                  |                2 |              9 |         4.50 |
|  pynq_z2_bram_i/processing_system7_0/inst/FCLK_CLK0 | pynq_z2_bram_i/axi_smc/inst/s00_entry_pipeline/s00_si_converter/inst/converter.wrap_narrow_inst/gen_thread_loop[0].r_payld_fifo/cmd_fifo/last_beat_reg                                                    | pynq_z2_bram_i/axi_smc/inst/s00_entry_pipeline/s00_si_converter/inst/areset                                                                                                                  |                3 |              9 |         3.00 |
|  pynq_z2_bram_i/processing_system7_0/inst/FCLK_CLK0 | pynq_z2_bram_i/axi_bram_ctrl_0/U0/gext_inst.abcv4_0_ext_inst/GEN_AXI4.I_FULL_AXI/I_RD_CHNL/GEN_NO_RD_CMD_OPT.I_WRAP_BRST/E[0]                                                                             | pynq_z2_bram_i/axi_bram_ctrl_0/U0/gext_inst.abcv4_0_ext_inst/GEN_AXI4.I_FULL_AXI/I_WR_CHNL/I_WRAP_BRST/curr_fixed_burst_reg_reg                                                              |                4 |             10 |         2.50 |
|  pynq_z2_bram_i/processing_system7_0/inst/FCLK_CLK0 | pynq_z2_bram_i/axi_smc/inst/s00_entry_pipeline/s00_si_converter/inst/converter.wrap_narrow_inst/gen_thread_loop[0].r_cmd_fifo/E[0]                                                                        | pynq_z2_bram_i/axi_smc/inst/s00_entry_pipeline/s00_si_converter/inst/areset                                                                                                                  |                4 |             10 |         2.50 |
|  pynq_z2_bram_i/processing_system7_0/inst/FCLK_CLK0 | pynq_z2_bram_i/axi_smc/inst/s00_entry_pipeline/s00_si_converter/inst/converter.wrap_narrow_inst/w_cmd_fifo/gen_pipelined.load_mesg                                                                        |                                                                                                                                                                                              |                4 |             11 |         2.75 |
|  pynq_z2_bram_i/processing_system7_0/inst/FCLK_CLK0 | pynq_z2_bram_i/axi_smc/inst/s00_entry_pipeline/s00_si_converter/inst/converter.wrap_narrow_inst/w_cmd_fifo/gen_srls[15].srl_nx1/shift                                                                     |                                                                                                                                                                                              |                3 |             11 |         3.67 |
|  pynq_z2_bram_i/processing_system7_0/inst/FCLK_CLK0 | pynq_z2_bram_i/axi_smc/inst/s00_entry_pipeline/s00_transaction_regulator/inst/gen_endpoint.gen_w_singleorder.w_singleorder/gen_id_fifo.singleorder_fifo/gen_srls[11].srl_nx1/shift                        |                                                                                                                                                                                              |                4 |             12 |         3.00 |
|  pynq_z2_bram_i/processing_system7_0/inst/FCLK_CLK0 | pynq_z2_bram_i/axi_smc/inst/s00_entry_pipeline/s00_transaction_regulator/inst/gen_endpoint.gen_r_singleorder.r_singleorder/gen_id_fifo.singleorder_fifo/gen_pipelined.load_mesg                           |                                                                                                                                                                                              |                5 |             12 |         2.40 |
|  pynq_z2_bram_i/processing_system7_0/inst/FCLK_CLK0 | pynq_z2_bram_i/axi_smc/inst/s00_entry_pipeline/s00_mmu/inst/gen_endpoint.decerr_slave_inst/gen_axi.gen_read.s_axi_rid_i[11]_i_1_n_0                                                                       | pynq_z2_bram_i/axi_smc/inst/s00_entry_pipeline/s00_mmu/inst/areset                                                                                                                           |                2 |             12 |         6.00 |
|  pynq_z2_bram_i/processing_system7_0/inst/FCLK_CLK0 | pynq_z2_bram_i/axi_smc/inst/s00_entry_pipeline/s00_mmu/inst/gen_endpoint.decerr_slave_inst/gen_axi.gen_write.s_axi_bid_i[11]_i_1_n_0                                                                      | pynq_z2_bram_i/axi_smc/inst/s00_entry_pipeline/s00_mmu/inst/areset                                                                                                                           |                3 |             12 |         4.00 |
|  pynq_z2_bram_i/processing_system7_0/inst/FCLK_CLK0 | pynq_z2_bram_i/axi_smc/inst/s00_nodes/s00_aw_node/inst/inst_si_handler/s_sc_valid                                                                                                                         | pynq_z2_bram_i/axi_smc/inst/s00_nodes/s00_aw_node/inst/inst_mi_handler/areset_r                                                                                                              |                3 |             12 |         4.00 |
|  pynq_z2_bram_i/processing_system7_0/inst/FCLK_CLK0 | pynq_z2_bram_i/axi_smc/inst/s00_entry_pipeline/s00_transaction_regulator/inst/gen_endpoint.gen_r_singleorder.r_singleorder/gen_id_fifo.singleorder_fifo/gen_srls[11].srl_nx1/shift                        |                                                                                                                                                                                              |                4 |             12 |         3.00 |
|  pynq_z2_bram_i/processing_system7_0/inst/FCLK_CLK0 | pynq_z2_bram_i/axi_smc/inst/s00_nodes/s00_b_node/inst/inst_si_handler/s_sc_valid                                                                                                                          | pynq_z2_bram_i/axi_smc/inst/s00_nodes/s00_b_node/inst/inst_mi_handler/areset_r                                                                                                               |                5 |             12 |         2.40 |
|  pynq_z2_bram_i/processing_system7_0/inst/FCLK_CLK0 | pynq_z2_bram_i/axi_smc/inst/s00_nodes/s00_r_node/inst/inst_si_handler/s_sc_valid                                                                                                                          | pynq_z2_bram_i/axi_smc/inst/s00_nodes/s00_r_node/inst/inst_mi_handler/areset_r                                                                                                               |                6 |             12 |         2.00 |
|  pynq_z2_bram_i/processing_system7_0/inst/FCLK_CLK0 | pynq_z2_bram_i/axi_smc/inst/s00_nodes/s00_w_node/inst/inst_si_handler/s_sc_valid                                                                                                                          | pynq_z2_bram_i/axi_smc/inst/s00_nodes/s00_w_node/inst/inst_mi_handler/areset_r                                                                                                               |                6 |             12 |         2.00 |
|  pynq_z2_bram_i/processing_system7_0/inst/FCLK_CLK0 | pynq_z2_bram_i/axi_smc/inst/s00_entry_pipeline/s00_transaction_regulator/inst/gen_endpoint.gen_w_singleorder.w_singleorder/gen_id_fifo.singleorder_fifo/gen_pipelined.load_mesg                           |                                                                                                                                                                                              |                4 |             12 |         3.00 |
|  pynq_z2_bram_i/processing_system7_0/inst/FCLK_CLK0 | pynq_z2_bram_i/axi_smc/inst/s00_nodes/s00_ar_node/inst/inst_si_handler/s_sc_valid                                                                                                                         | pynq_z2_bram_i/axi_smc/inst/s00_nodes/s00_ar_node/inst/inst_mi_handler/areset_r                                                                                                              |                5 |             12 |         2.40 |
|  pynq_z2_bram_i/processing_system7_0/inst/FCLK_CLK0 | pynq_z2_bram_i/axi_bram_ctrl_0/U0/gext_inst.abcv4_0_ext_inst/GEN_AXI4.I_FULL_AXI/GEN_ARB.I_SNG_PORT/E[0]                                                                                                  | pynq_z2_bram_i/axi_bram_ctrl_0/U0/gext_inst.abcv4_0_ext_inst/GEN_AXI4.I_FULL_AXI/I_RD_CHNL/GEN_NO_RD_CMD_OPT.I_WRAP_BRST/SR[0]                                                               |                3 |             13 |         4.33 |
|  pynq_z2_bram_i/processing_system7_0/inst/FCLK_CLK0 | pynq_z2_bram_i/axi_smc/inst/s00_entry_pipeline/s00_si_converter/inst/converter.wrap_narrow_inst/gen_thread_loop[0].r_cmd_fifo/gen_srls[20].srl_nx1/shift                                                  |                                                                                                                                                                                              |                4 |             13 |         3.25 |
|  pynq_z2_bram_i/processing_system7_0/inst/FCLK_CLK0 | pynq_z2_bram_i/axi_smc/inst/s00_entry_pipeline/s00_si_converter/inst/converter.wrap_narrow_inst/gen_thread_loop[0].r_cmd_fifo/gen_pipelined.load_mesg                                                     |                                                                                                                                                                                              |                5 |             13 |         2.60 |
|  pynq_z2_bram_i/processing_system7_0/inst/FCLK_CLK0 | pynq_z2_bram_i/axi_smc/inst/s00_entry_pipeline/s00_si_converter/inst/converter.wrap_narrow_inst/aw_reg_slice/m_vector_i                                                                                   |                                                                                                                                                                                              |                8 |             21 |         2.62 |
|  pynq_z2_bram_i/processing_system7_0/inst/FCLK_CLK0 | pynq_z2_bram_i/axi_smc/inst/s00_entry_pipeline/s00_si_converter/inst/converter.wrap_narrow_inst/aw_reg_slice/skid_buffer[1144]_i_1_n_0                                                                    |                                                                                                                                                                                              |                6 |             21 |         3.50 |
|  pynq_z2_bram_i/processing_system7_0/inst/FCLK_CLK0 | pynq_z2_bram_i/axi_smc/inst/s00_nodes/s00_aw_node/inst/inst_mi_handler/gen_normal_area.inst_fifo_node_payld/gen_xpm_memory_fifo.inst_fifo/gen_mem_rep[0].inst_rd_addrb/rd_addrb_incr                      | pynq_z2_bram_i/axi_smc/inst/s00_nodes/s00_aw_node/inst/inst_mi_handler/m_sc_areset_r                                                                                                         |                8 |             22 |         2.75 |
|  pynq_z2_bram_i/processing_system7_0/inst/FCLK_CLK0 |                                                                                                                                                                                                           | pynq_z2_bram_i/axi_smc/inst/s00_entry_pipeline/s00_mmu/inst/areset                                                                                                                           |               14 |             23 |         1.64 |
|  pynq_z2_bram_i/processing_system7_0/inst/FCLK_CLK0 | pynq_z2_bram_i/axi_smc/inst/s00_entry_pipeline/s00_si_converter/inst/converter.wrap_narrow_inst/ar_reg_slice/m_vector_i                                                                                   |                                                                                                                                                                                              |                8 |             26 |         3.25 |
|  pynq_z2_bram_i/processing_system7_0/inst/FCLK_CLK0 | pynq_z2_bram_i/axi_smc/inst/s00_entry_pipeline/s00_si_converter/inst/converter.wrap_narrow_inst/ar_reg_slice/skid_buffer[1144]_i_1__0_n_0                                                                 |                                                                                                                                                                                              |                9 |             26 |         2.89 |
|  pynq_z2_bram_i/processing_system7_0/inst/FCLK_CLK0 | pynq_z2_bram_i/axi_smc/inst/s00_entry_pipeline/s00_si_converter/inst/converter.wrap_narrow_inst/w_shelve_d                                                                                                |                                                                                                                                                                                              |                5 |             27 |         5.40 |
|  pynq_z2_bram_i/processing_system7_0/inst/FCLK_CLK0 | pynq_z2_bram_i/axi_smc/inst/s00_nodes/s00_ar_node/inst/inst_mi_handler/gen_normal_area.inst_fifo_node_payld/gen_xpm_memory_fifo.inst_fifo/gen_mem_rep[0].inst_rd_addrb/rd_addrb_incr                      | pynq_z2_bram_i/axi_smc/inst/s00_nodes/s00_ar_node/inst/inst_mi_handler/m_sc_areset_r                                                                                                         |                8 |             29 |         3.62 |
|  pynq_z2_bram_i/processing_system7_0/inst/FCLK_CLK0 |                                                                                                                                                                                                           | pynq_z2_bram_i/axi_bram_ctrl_0/U0/gext_inst.abcv4_0_ext_inst/GEN_AXI4.I_FULL_AXI/I_RD_CHNL/GEN_NO_RD_CMD_OPT.I_WRAP_BRST/SR[0]                                                               |               17 |             31 |         1.82 |
|  pynq_z2_bram_i/processing_system7_0/inst/FCLK_CLK0 | pynq_z2_bram_i/axi_bram_ctrl_0/U0/gext_inst.abcv4_0_ext_inst/GEN_AXI4.I_FULL_AXI/I_RD_CHNL/rd_skid_buf_ld                                                                                                 | pynq_z2_bram_i/axi_bram_ctrl_0/U0/gext_inst.abcv4_0_ext_inst/GEN_AXI4.I_FULL_AXI/I_RD_CHNL/GEN_NO_RD_CMD_OPT.I_WRAP_BRST/SR[0]                                                               |                6 |             32 |         5.33 |
|  pynq_z2_bram_i/processing_system7_0/inst/FCLK_CLK0 | pynq_z2_bram_i/axi_bram_ctrl_0/U0/gext_inst.abcv4_0_ext_inst/GEN_AXI4.I_FULL_AXI/I_WR_CHNL/wrdata_reg_ld                                                                                                  |                                                                                                                                                                                              |                4 |             32 |         8.00 |
|  pynq_z2_bram_i/processing_system7_0/inst/FCLK_CLK0 | pynq_z2_bram_i/axi_smc/inst/s00_nodes/s00_aw_node/inst/inst_mi_handler/gen_normal_area.inst_fifo_node_payld/gen_xpm_memory_fifo.inst_fifo/wr_wea                                                          |                                                                                                                                                                                              |                4 |             32 |         8.00 |
|  pynq_z2_bram_i/processing_system7_0/inst/FCLK_CLK0 | pynq_z2_bram_i/axi_bram_ctrl_0/U0/gext_inst.abcv4_0_ext_inst/GEN_AXI4.I_FULL_AXI/I_RD_CHNL/axi_rdata_en                                                                                                   | pynq_z2_bram_i/axi_bram_ctrl_0/U0/gext_inst.abcv4_0_ext_inst/GEN_AXI4.I_FULL_AXI/I_RD_CHNL/GEN_NO_RD_CMD_OPT.GEN_RDATA_NO_ECC.GEN_RDATA_NO_RL_NO_ECC.GEN_RDATA[31].axi_rdata_int[31]_i_1_n_0 |                5 |             32 |         6.40 |
|  pynq_z2_bram_i/processing_system7_0/inst/FCLK_CLK0 | pynq_z2_bram_i/axi_smc/inst/s00_entry_pipeline/s00_si_converter/inst/converter.wrap_narrow_inst/gen_thread_loop[0].r_payld_fifo/m_xfer0                                                                   |                                                                                                                                                                                              |                9 |             34 |         3.78 |
|  pynq_z2_bram_i/processing_system7_0/inst/FCLK_CLK0 | pynq_z2_bram_i/axi_smc/inst/s00_entry_pipeline/s00_mmu/inst/aw_reg_stall/skid_buffer[1144]_i_1__0_n_0                                                                                                     |                                                                                                                                                                                              |                6 |             34 |         5.67 |
|  pynq_z2_bram_i/processing_system7_0/inst/FCLK_CLK0 | pynq_z2_bram_i/axi_smc/inst/s00_entry_pipeline/s00_si_converter/inst/converter.wrap_narrow_inst/r_shelf                                                                                                   |                                                                                                                                                                                              |               12 |             34 |         2.83 |
|  pynq_z2_bram_i/processing_system7_0/inst/FCLK_CLK0 | pynq_z2_bram_i/axi_smc/inst/s00_entry_pipeline/s00_mmu/inst/ar_reg_stall/skid_buffer[1144]_i_1_n_0                                                                                                        |                                                                                                                                                                                              |                6 |             34 |         5.67 |
|  pynq_z2_bram_i/processing_system7_0/inst/FCLK_CLK0 | pynq_z2_bram_i/axi_smc/inst/s00_entry_pipeline/s00_mmu/inst/aw_reg_stall/m_vector_i                                                                                                                       |                                                                                                                                                                                              |                5 |             34 |         6.80 |
|  pynq_z2_bram_i/processing_system7_0/inst/FCLK_CLK0 | pynq_z2_bram_i/axi_smc/inst/s00_entry_pipeline/s00_mmu/inst/ar_reg_stall/m_vector_i                                                                                                                       |                                                                                                                                                                                              |                5 |             34 |         6.80 |
|  pynq_z2_bram_i/processing_system7_0/inst/FCLK_CLK0 | pynq_z2_bram_i/axi_smc/inst/s00_entry_pipeline/s00_si_converter/inst/converter.wrap_narrow_inst/gen_thread_loop[0].r_payld_fifo/gen_srls[38].srl_nx1/push                                                 |                                                                                                                                                                                              |                9 |             34 |         3.78 |
|  pynq_z2_bram_i/processing_system7_0/inst/FCLK_CLK0 | pynq_z2_bram_i/axi_smc/inst/s00_entry_pipeline/s00_si_converter/inst/converter.wrap_narrow_inst/w_payld_fifo/gen_srls[103].srl_nx1/push                                                                   |                                                                                                                                                                                              |               10 |             36 |         3.60 |
|  pynq_z2_bram_i/processing_system7_0/inst/FCLK_CLK0 | pynq_z2_bram_i/axi_smc/inst/s00_entry_pipeline/s00_si_converter/inst/gen_normal.splitter_inst/gen_no_wsplitter.gen_endpoint_woffset.gen_wbypass_offset_fifo.wbypass_offset_fifo/E[0]                      |                                                                                                                                                                                              |               11 |             37 |         3.36 |
|  pynq_z2_bram_i/processing_system7_0/inst/FCLK_CLK0 | pynq_z2_bram_i/axi_smc/inst/s00_nodes/s00_r_node/inst/inst_mi_handler/gen_normal_area.inst_fifo_node_payld/gen_xpm_memory_fifo.inst_fifo/gen_mem_rep[0].inst_rd_addrb/rd_addrb_incr                       | pynq_z2_bram_i/axi_smc/inst/s00_nodes/s00_r_node/inst/inst_mi_handler/m_sc_areset_r                                                                                                          |               10 |             40 |         4.00 |
|  pynq_z2_bram_i/processing_system7_0/inst/FCLK_CLK0 |                                                                                                                                                                                                           | pynq_z2_bram_i/axi_smc/inst/s00_entry_pipeline/s00_si_converter/inst/areset                                                                                                                  |               23 |             42 |         1.83 |
|  pynq_z2_bram_i/processing_system7_0/inst/FCLK_CLK0 | pynq_z2_bram_i/axi_smc/inst/s00_nodes/s00_w_node/inst/inst_mi_handler/gen_normal_area.inst_fifo_node_payld/gen_xpm_memory_fifo.inst_fifo/gen_mem_rep[0].inst_rd_addrb/rd_addrb_incr                       | pynq_z2_bram_i/axi_smc/inst/s00_nodes/s00_w_node/inst/inst_mi_handler/m_sc_areset_r                                                                                                          |                9 |             43 |         4.78 |
|  pynq_z2_bram_i/processing_system7_0/inst/FCLK_CLK0 | pynq_z2_bram_i/axi_smc/inst/s00_nodes/s00_ar_node/inst/inst_mi_handler/gen_normal_area.inst_fifo_node_payld/gen_xpm_memory_fifo.inst_fifo/wr_wea                                                          |                                                                                                                                                                                              |                6 |             48 |         8.00 |
|  pynq_z2_bram_i/processing_system7_0/inst/FCLK_CLK0 | pynq_z2_bram_i/axi_smc/inst/s00_nodes/s00_w_node/inst/inst_mi_handler/gen_normal_area.inst_fifo_node_payld/gen_xpm_memory_fifo.inst_fifo/wr_wea                                                           |                                                                                                                                                                                              |                7 |             56 |         8.00 |
|  pynq_z2_bram_i/processing_system7_0/inst/FCLK_CLK0 | pynq_z2_bram_i/axi_smc/inst/s00_nodes/s00_r_node/inst/inst_mi_handler/gen_normal_area.inst_fifo_node_payld/gen_xpm_memory_fifo.inst_fifo/wr_wea                                                           |                                                                                                                                                                                              |                7 |             56 |         8.00 |
|  pynq_z2_bram_i/processing_system7_0/inst/FCLK_CLK0 |                                                                                                                                                                                                           |                                                                                                                                                                                              |               61 |            119 |         1.95 |
+-----------------------------------------------------+-----------------------------------------------------------------------------------------------------------------------------------------------------------------------------------------------------------+----------------------------------------------------------------------------------------------------------------------------------------------------------------------------------------------+------------------+----------------+--------------+


