Nothing to build in platform 'design_1_wrapper'

15:05:04 **** Incremental Build of configuration Debug for project Hello_word_freeRTOS ****
make all 
make --no-print-directory pre-build
a9-linaro-pre-build-step
 
make --no-print-directory main-build
Building file: ../src/freertos_hello_world.c
Invoking: ARM v7 gcc compiler
arm-none-eabi-gcc -Wall -O0 -g3 -c -fmessage-length=0 -MT"src/freertos_hello_world.o" -mcpu=cortex-a9 -mfpu=vfpv3 -mfloat-abi=hard -I/home/enrico/Desktop/marvin/design_1_wrapper/export/design_1_wrapper/sw/design_1_wrapper/freertos10_xilinx_ps7_cortexa9_0/bspinclude/include -MMD -MP -MF"src/freertos_hello_world.d" -MT"src/freertos_hello_world.o" -o "src/freertos_hello_world.o" "../src/freertos_hello_world.c"
../src/freertos_hello_world.c: In function 'bubbleSort':
../src/freertos_hello_world.c:147:1: warning: label 'fine' defined but not used [-Wunused-label]
  147 | fine:   xil_printf("Task finished\n");
      | ^~~~
../src/freertos_hello_world.c:127:1: warning: label 'inizio' defined but not used [-Wunused-label]
  127 | inizio: xil_printf("Start bubble sort\n");
      | ^~~~~~
Finished building: ../src/freertos_hello_world.c
 
Building target: Hello_word_freeRTOS.elf
Invoking: ARM v7 gcc linker
arm-none-eabi-gcc -mcpu=cortex-a9 -mfpu=vfpv3 -mfloat-abi=hard -Wl,-build-id=none -specs=Xilinx.spec -Wl,-T -Wl,../src/lscript.ld -L/home/enrico/Desktop/marvin/design_1_wrapper/export/design_1_wrapper/sw/design_1_wrapper/freertos10_xilinx_ps7_cortexa9_0/bsplib/lib -o "Hello_word_freeRTOS.elf" ./src/freertos_hello_world.o   -Wl,--start-group,-lxil,-lfreertos,-lgcc,-lc,--end-group -Wl,--start-group,-lxiltimer,-lxil,-lgcc,-lc,--end-group
Finished building target: Hello_word_freeRTOS.elf
 
Invoking: ARM v7 Print Size
arm-none-eabi-size Hello_word_freeRTOS.elf  |tee "Hello_word_freeRTOS.elf.size"
   text	   data	    bss	    dec	    hex	filename
  84756	   3368	  88788	 176912	  2b310	Hello_word_freeRTOS.elf
Finished building: Hello_word_freeRTOS.elf.size
 
